Component: ARM Compiler 5.06 update 6 (build 750) Tool: armlink [4d35ed]

==============================================================================

Section Cross References

    gpio.o(i.MX_GPIO_Init) refers to stm32f7xx_hal_gpio.o(i.HAL_GPIO_WritePin) for HAL_GPIO_WritePin
    gpio.o(i.MX_GPIO_Init) refers to stm32f7xx_hal_gpio.o(i.HAL_GPIO_Init) for HAL_GPIO_Init
    stm32f7xx_hal_msp.o(i.HAL_MspInit) refers to stm32f7xx_hal_cortex.o(i.HAL_NVIC_SetPriorityGrouping) for HAL_NVIC_SetPriorityGrouping
    stm32f7xx_hal_msp.o(i.HAL_MspInit) refers to stm32f7xx_hal_cortex.o(i.HAL_NVIC_SetPriority) for HAL_NVIC_SetPriority
    spi.o(i.HAL_SPI_MspDeInit) refers to stm32f7xx_hal_gpio.o(i.HAL_GPIO_DeInit) for HAL_GPIO_DeInit
    spi.o(i.HAL_SPI_MspInit) refers to stm32f7xx_hal_gpio.o(i.HAL_GPIO_Init) for HAL_GPIO_Init
    spi.o(i.MX_SPI3_Init) refers to stm32f7xx_hal_spi.o(i.HAL_SPI_Init) for HAL_SPI_Init
    spi.o(i.MX_SPI3_Init) refers to main.o(i.Error_Handler) for Error_Handler
    spi.o(i.MX_SPI3_Init) refers to spi.o(.bss) for .bss
    spi.o(i.MX_SPI6_Init) refers to stm32f7xx_hal_spi.o(i.HAL_SPI_Init) for HAL_SPI_Init
    spi.o(i.MX_SPI6_Init) refers to main.o(i.Error_Handler) for Error_Handler
    spi.o(i.MX_SPI6_Init) refers to spi.o(.bss) for .bss
    main.o(i.HAL_ADC_ConvCpltCallback) refers to controller.o(i.update_curr) for update_curr
    main.o(i.HAL_ADC_ConvCpltCallback) refers to controller.o(i.controltask) for controltask
    main.o(i.HAL_ADC_ConvCpltCallback) refers to main.o(.data) for .data
    main.o(i.InitTLV5630) refers to stm32f7xx_hal_gpio.o(i.HAL_GPIO_WritePin) for HAL_GPIO_WritePin
    main.o(i.InitTLV5630) refers to stm32f7xx_hal_spi.o(i.HAL_SPI_Transmit) for HAL_SPI_Transmit
    main.o(i.InitTLV5630) refers to spi.o(.bss) for hspi3
    main.o(i.SystemClock_Config) refers to stm32f7xx_hal_rcc.o(i.HAL_RCC_OscConfig) for HAL_RCC_OscConfig
    main.o(i.SystemClock_Config) refers to stm32f7xx_hal_pwr_ex.o(i.HAL_PWREx_EnableOverDrive) for HAL_PWREx_EnableOverDrive
    main.o(i.SystemClock_Config) refers to stm32f7xx_hal_rcc.o(i.HAL_RCC_ClockConfig) for HAL_RCC_ClockConfig
    main.o(i.SystemClock_Config) refers to stm32f7xx_hal_rcc.o(i.HAL_RCC_GetHCLKFreq) for HAL_RCC_GetHCLKFreq
    main.o(i.SystemClock_Config) refers to stm32f7xx_hal_cortex.o(i.HAL_SYSTICK_Config) for HAL_SYSTICK_Config
    main.o(i.SystemClock_Config) refers to stm32f7xx_hal_cortex.o(i.HAL_SYSTICK_CLKSourceConfig) for HAL_SYSTICK_CLKSourceConfig
    main.o(i.SystemClock_Config) refers to stm32f7xx_hal_cortex.o(i.HAL_NVIC_SetPriority) for HAL_NVIC_SetPriority
    main.o(i.main) refers to stm32f7xx_hal.o(i.HAL_Init) for HAL_Init
    main.o(i.main) refers to main.o(i.SystemClock_Config) for SystemClock_Config
    main.o(i.main) refers to gpio.o(i.MX_GPIO_Init) for MX_GPIO_Init
    main.o(i.main) refers to dma.o(i.MX_DMA_Init) for MX_DMA_Init
    main.o(i.main) refers to spi.o(i.MX_SPI3_Init) for MX_SPI3_Init
    main.o(i.main) refers to tim.o(i.MX_TIM1_Init) for MX_TIM1_Init
    main.o(i.main) refers to adc.o(i.MX_ADC1_Init) for MX_ADC1_Init
    main.o(i.main) refers to fmc.o(i.MX_FMC_Init) for MX_FMC_Init
    main.o(i.main) refers to spi.o(i.MX_SPI6_Init) for MX_SPI6_Init
    main.o(i.main) refers to stm32f7xx_hal.o(i.HAL_Delay) for HAL_Delay
    main.o(i.main) refers to stm32f7xx_hal_sram.o(i.HAL_SRAM_WriteOperation_Enable) for HAL_SRAM_WriteOperation_Enable
    main.o(i.main) refers to stm32f7xx_hal_sram.o(i.HAL_SRAM_Write_32b) for HAL_SRAM_Write_32b
    main.o(i.main) refers to main.o(i.InitTLV5630) for InitTLV5630
    main.o(i.main) refers to controller.o(i.init_control) for init_control
    main.o(i.main) refers to stm32f7xx_hal_adc.o(i.HAL_ADC_Start_DMA) for HAL_ADC_Start_DMA
    main.o(i.main) refers to stm32f7xx_hal_tim.o(i.HAL_TIM_PWM_Start) for HAL_TIM_PWM_Start
    main.o(i.main) refers to stm32f7xx_hal_tim_ex.o(i.HAL_TIMEx_PWMN_Start) for HAL_TIMEx_PWMN_Start
    main.o(i.main) refers to fmc.o(.bss) for hsram1
    main.o(i.main) refers to main.o(.data) for .data
    main.o(i.main) refers to adc.o(.bss) for hadc1
    main.o(i.main) refers to tim.o(.bss) for htim1
    stm32f7xx_it.o(i.ADC_IRQHandler) refers to stm32f7xx_hal_adc.o(i.HAL_ADC_IRQHandler) for HAL_ADC_IRQHandler
    stm32f7xx_it.o(i.ADC_IRQHandler) refers to adc.o(.bss) for hadc1
    stm32f7xx_it.o(i.DMA2_Stream0_IRQHandler) refers to stm32f7xx_hal_dma.o(i.HAL_DMA_IRQHandler) for HAL_DMA_IRQHandler
    stm32f7xx_it.o(i.DMA2_Stream0_IRQHandler) refers to adc.o(.bss) for hdma_adc1
    stm32f7xx_it.o(i.SysTick_Handler) refers to stm32f7xx_hal.o(i.HAL_IncTick) for HAL_IncTick
    stm32f7xx_it.o(i.SysTick_Handler) refers to stm32f7xx_hal_cortex.o(i.HAL_SYSTICK_IRQHandler) for HAL_SYSTICK_IRQHandler
    controller.o(i.a_monitor) refers to stm32f7xx_hal_gpio.o(i.HAL_GPIO_WritePin) for HAL_GPIO_WritePin
[...]
    Removing stm32f7xx_hal_tim.o(i.HAL_TIM_Base_Stop_IT), (42 bytes).
    Removing stm32f7xx_hal_tim.o(i.HAL_TIM_ConfigOCrefClear), (170 bytes).
    Removing stm32f7xx_hal_tim.o(i.HAL_TIM_ConfigTI1Input), (16 bytes).
    Removing stm32f7xx_hal_tim.o(i.HAL_TIM_DMABurst_ReadStart), (260 bytes).
    Removing stm32f7xx_hal_tim.o(i.HAL_TIM_DMABurst_ReadStop), (96 bytes).
    Removing stm32f7xx_hal_tim.o(i.HAL_TIM_DMABurst_WriteStart), (260 bytes).
    Removing stm32f7xx_hal_tim.o(i.HAL_TIM_DMABurst_WriteStop), (96 bytes).
    Removing stm32f7xx_hal_tim.o(i.HAL_TIM_Encoder_DeInit), (56 bytes).
    Removing stm32f7xx_hal_tim.o(i.HAL_TIM_Encoder_GetState), (6 bytes).
    Removing stm32f7xx_hal_tim.o(i.HAL_TIM_Encoder_Init), (168 bytes).
    Removing stm32f7xx_hal_tim.o(i.HAL_TIM_Encoder_MspDeInit), (2 bytes).
    Removing stm32f7xx_hal_tim.o(i.HAL_TIM_Encoder_MspInit), (2 bytes).
    Removing stm32f7xx_hal_tim.o(i.HAL_TIM_Encoder_Start), (52 bytes).
    Removing stm32f7xx_hal_tim.o(i.HAL_TIM_Encoder_Start_DMA), (272 bytes).
    Removing stm32f7xx_hal_tim.o(i.HAL_TIM_Encoder_Start_IT), (92 bytes).
    Removing stm32f7xx_hal_tim.o(i.HAL_TIM_Encoder_Stop), (70 bytes).
    Removing stm32f7xx_hal_tim.o(i.HAL_TIM_Encoder_Stop_DMA), (116 bytes).
    Removing stm32f7xx_hal_tim.o(i.HAL_TIM_Encoder_Stop_IT), (116 bytes).
    Removing stm32f7xx_hal_tim.o(i.HAL_TIM_ErrorCallback), (2 bytes).
    Removing stm32f7xx_hal_tim.o(i.HAL_TIM_GenerateEvent), (40 bytes).
    Removing stm32f7xx_hal_tim.o(i.HAL_TIM_IC_CaptureCallback), (2 bytes).
    Removing stm32f7xx_hal_tim.o(i.HAL_TIM_IC_ConfigChannel), (288 bytes).
    Removing stm32f7xx_hal_tim.o(i.HAL_TIM_IC_DeInit), (56 bytes).
    Removing stm32f7xx_hal_tim.o(i.HAL_TIM_IC_GetState), (6 bytes).
    Removing stm32f7xx_hal_tim.o(i.HAL_TIM_IC_Init), (54 bytes).
    Removing stm32f7xx_hal_tim.o(i.HAL_TIM_IC_MspDeInit), (2 bytes).
    Removing stm32f7xx_hal_tim.o(i.HAL_TIM_IC_MspInit), (2 bytes).
    Removing stm32f7xx_hal_tim.o(i.HAL_TIM_IC_Start), (26 bytes).
    Removing stm32f7xx_hal_tim.o(i.HAL_TIM_IC_Start_DMA), (200 bytes).
    Removing stm32f7xx_hal_tim.o(i.HAL_TIM_IC_Start_IT), (76 bytes).
    Removing stm32f7xx_hal_tim.o(i.HAL_TIM_IC_Stop), (44 bytes).
    Removing stm32f7xx_hal_tim.o(i.HAL_TIM_IC_Stop_DMA), (100 bytes).
    Removing stm32f7xx_hal_tim.o(i.HAL_TIM_IC_Stop_IT), (94 bytes).
    Removing stm32f7xx_hal_tim.o(i.HAL_TIM_IRQHandler), (382 bytes).
    Removing stm32f7xx_hal_tim.o(i.HAL_TIM_OC_ConfigChannel), (86 bytes).
    Removing stm32f7xx_hal_tim.o(i.HAL_TIM_OC_DeInit), (56 bytes).
    Removing stm32f7xx_hal_tim.o(i.HAL_TIM_OC_DelayElapsedCallback), (2 bytes).
    Removing stm32f7xx_hal_tim.o(i.HAL_TIM_OC_GetState), (6 bytes).
    Removing stm32f7xx_hal_tim.o(i.HAL_TIM_OC_Init), (54 bytes).
    Removing stm32f7xx_hal_tim.o(i.HAL_TIM_OC_MspDeInit), (2 bytes).
    Removing stm32f7xx_hal_tim.o(i.HAL_TIM_OC_MspInit), (2 bytes).
    Removing stm32f7xx_hal_tim.o(i.HAL_TIM_OC_Start), (56 bytes).
    Removing stm32f7xx_hal_tim.o(i.HAL_TIM_OC_Start_DMA), (240 bytes).
    Removing stm32f7xx_hal_tim.o(i.HAL_TIM_OC_Start_IT), (108 bytes).
    Removing stm32f7xx_hal_tim.o(i.HAL_TIM_OC_Stop), (88 bytes).
    Removing stm32f7xx_hal_tim.o(i.HAL_TIM_OC_Stop_DMA), (144 bytes).
    Removing stm32f7xx_hal_tim.o(i.HAL_TIM_OC_Stop_IT), (136 bytes).
    Removing stm32f7xx_hal_tim.o(i.HAL_TIM_OnePulse_ConfigChannel), (224 bytes).
    Removing stm32f7xx_hal_tim.o(i.HAL_TIM_OnePulse_DeInit), (56 bytes).
    Removing stm32f7xx_hal_tim.o(i.HAL_TIM_OnePulse_GetState), (6 bytes).
    Removing stm32f7xx_hal_tim.o(i.HAL_TIM_OnePulse_Init), (74 bytes).
    Removing stm32f7xx_hal_tim.o(i.HAL_TIM_OnePulse_MspDeInit), (2 bytes).
    Removing stm32f7xx_hal_tim.o(i.HAL_TIM_OnePulse_MspInit), (2 bytes).
    Removing stm32f7xx_hal_tim.o(i.HAL_TIM_OnePulse_Start), (60 bytes).
    Removing stm32f7xx_hal_tim.o(i.HAL_TIM_OnePulse_Start_IT), (80 bytes).
    Removing stm32f7xx_hal_tim.o(i.HAL_TIM_OnePulse_Stop), (100 bytes).
    Removing stm32f7xx_hal_tim.o(i.HAL_TIM_OnePulse_Stop_IT), (120 bytes).
    Removing stm32f7xx_hal_tim.o(i.HAL_TIM_PWM_ConfigChannel), (208 bytes).
    Removing stm32f7xx_hal_tim.o(i.HAL_TIM_PWM_DeInit), (56 bytes).
    Removing stm32f7xx_hal_tim.o(i.HAL_TIM_PWM_GetState), (6 bytes).
    Removing stm32f7xx_hal_tim.o(i.HAL_TIM_PWM_MspDeInit), (2 bytes).
    Removing stm32f7xx_hal_tim.o(i.HAL_TIM_PWM_PulseFinishedCallback), (2 bytes).
    Removing stm32f7xx_hal_tim.o(i.HAL_TIM_PWM_Start_DMA), (240 bytes).
    Removing stm32f7xx_hal_tim.o(i.HAL_TIM_PWM_Start_IT), (108 bytes).
    Removing stm32f7xx_hal_tim.o(i.HAL_TIM_PWM_Stop), (92 bytes).
    Removing stm32f7xx_hal_tim.o(i.HAL_TIM_PWM_Stop_DMA), (144 bytes).
    Removing stm32f7xx_hal_tim.o(i.HAL_TIM_PWM_Stop_IT), (136 bytes).
    Removing stm32f7xx_hal_tim.o(i.HAL_TIM_PeriodElapsedCallback), (2 bytes).
    Removing stm32f7xx_hal_tim.o(i.HAL_TIM_ReadCapturedValue), (68 bytes).
    Removing stm32f7xx_hal_tim.o(i.HAL_TIM_SlaveConfigSynchronization), (168 bytes).
    Removing stm32f7xx_hal_tim.o(i.HAL_TIM_SlaveConfigSynchronization_IT), (68 bytes).
    Removing stm32f7xx_hal_tim.o(i.HAL_TIM_TriggerCallback), (2 bytes).
    Removing stm32f7xx_hal_tim.o(i.TIM_DMACaptureCplt), (62 bytes).
    Removing stm32f7xx_hal_tim.o(i.TIM_DMADelayPulseCplt), (62 bytes).
    Removing stm32f7xx_hal_tim.o(i.TIM_DMAError), (16 bytes).
    Removing stm32f7xx_hal_tim.o(i.TIM_DMAPeriodElapsedCplt), (16 bytes).
    Removing stm32f7xx_hal_tim.o(i.TIM_DMATriggerCplt), (16 bytes).
    Removing stm32f7xx_hal_tim.o(i.TIM_SlaveTimer_SetConfig), (128 bytes).
    Removing stm32f7xx_hal_tim.o(i.TIM_TI1_SetConfig), (128 bytes).
    Removing stm32f7xx_hal_tim.o(i.TIM_TI2_SetConfig), (54 bytes).
    Removing stm32f7xx_hal_dma.o(.rev16_text), (4 bytes).
    Removing stm32f7xx_hal_dma.o(.revsh_text), (4 bytes).
    Removing stm32f7xx_hal_dma.o(.rrx_text), (6 bytes).
    Removing stm32f7xx_hal_dma.o(i.HAL_DMA_Abort), (146 bytes).
    Removing stm32f7xx_hal_dma.o(i.HAL_DMA_Abort_IT), (36 bytes).
    Removing stm32f7xx_hal_dma.o(i.HAL_DMA_DeInit), (86 bytes).
    Removing stm32f7xx_hal_dma.o(i.HAL_DMA_GetError), (4 bytes).
    Removing stm32f7xx_hal_dma.o(i.HAL_DMA_GetState), (6 bytes).
    Removing stm32f7xx_hal_dma.o(i.HAL_DMA_PollForTransfer), (300 bytes).
    Removing stm32f7xx_hal_dma.o(i.HAL_DMA_RegisterCallback), (80 bytes).
    Removing stm32f7xx_hal_dma.o(i.HAL_DMA_Start), (74 bytes).
    Removing stm32f7xx_hal_dma.o(i.HAL_DMA_UnRegisterCallback), (96 bytes).
    Removing stm32f7xx_hal_cortex.o(.rev16_text), (4 bytes).
    Removing stm32f7xx_hal_cortex.o(.revsh_text), (4 bytes).
    Removing stm32f7xx_hal_cortex.o(.rrx_text), (6 bytes).
    Removing stm32f7xx_hal_cortex.o(i.HAL_MPU_ConfigRegion), (92 bytes).
    Removing stm32f7xx_hal_cortex.o(i.HAL_MPU_Disable), (28 bytes).
    Removing stm32f7xx_hal_cortex.o(i.HAL_MPU_Enable), (36 bytes).
    Removing stm32f7xx_hal_cortex.o(i.HAL_NVIC_ClearPendingIRQ), (22 bytes).
    Removing stm32f7xx_hal_cortex.o(i.HAL_NVIC_DisableIRQ), (22 bytes).
    Removing stm32f7xx_hal_cortex.o(i.HAL_NVIC_GetActive), (32 bytes).
    Removing stm32f7xx_hal_cortex.o(i.HAL_NVIC_GetPendingIRQ), (32 bytes).
    Removing stm32f7xx_hal_cortex.o(i.HAL_NVIC_GetPriority), (82 bytes).
    Removing stm32f7xx_hal_cortex.o(i.HAL_NVIC_GetPriorityGrouping), (16 bytes).
    Removing stm32f7xx_hal_cortex.o(i.HAL_NVIC_SetPendingIRQ), (22 bytes).
    Removing stm32f7xx_hal_cortex.o(i.HAL_NVIC_SystemReset), (36 bytes).
    Removing stm32f7xx_hal.o(.rev16_text), (4 bytes).
    Removing stm32f7xx_hal.o(.revsh_text), (4 bytes).
    Removing stm32f7xx_hal.o(.rrx_text), (6 bytes).
    Removing stm32f7xx_hal.o(i.HAL_DBGMCU_DisableDBGSleepMode), (16 bytes).
    Removing stm32f7xx_hal.o(i.HAL_DBGMCU_DisableDBGStandbyMode), (16 bytes).
    Removing stm32f7xx_hal.o(i.HAL_DBGMCU_DisableDBGStopMode), (16 bytes).
    Removing stm32f7xx_hal.o(i.HAL_DBGMCU_EnableDBGSleepMode), (16 bytes).
    Removing stm32f7xx_hal.o(i.HAL_DBGMCU_EnableDBGStandbyMode), (16 bytes).
    Removing stm32f7xx_hal.o(i.HAL_DBGMCU_EnableDBGStopMode), (16 bytes).
    Removing stm32f7xx_hal.o(i.HAL_DeInit), (52 bytes).
    Removing stm32f7xx_hal.o(i.HAL_DisableCompensationCell), (16 bytes).
    Removing stm32f7xx_hal.o(i.HAL_DisableFMCMemorySwapping), (16 bytes).
    Removing stm32f7xx_hal.o(i.HAL_DisableMemorySwappingBank), (16 bytes).
    Removing stm32f7xx_hal.o(i.HAL_EnableCompensationCell), (16 bytes).
    Removing stm32f7xx_hal.o(i.HAL_EnableFMCMemorySwapping), (16 bytes).
    Removing stm32f7xx_hal.o(i.HAL_EnableMemorySwappingBank), (16 bytes).
    Removing stm32f7xx_hal.o(i.HAL_GetDEVID), (16 bytes).
    Removing stm32f7xx_hal.o(i.HAL_GetHalVersion), (8 bytes).
    Removing stm32f7xx_hal.o(i.HAL_GetREVID), (12 bytes).
    Removing stm32f7xx_hal.o(i.HAL_MspDeInit), (2 bytes).
    Removing stm32f7xx_hal.o(i.HAL_MspInit), (2 bytes).
    Removing stm32f7xx_hal.o(i.HAL_ResumeTick), (14 bytes).
    Removing stm32f7xx_hal.o(i.HAL_SuspendTick), (14 bytes).
    Removing stm32f7xx_hal_rcc.o(.rev16_text), (4 bytes).
    Removing stm32f7xx_hal_rcc.o(.revsh_text), (4 bytes).
    Removing stm32f7xx_hal_rcc.o(.rrx_text), (6 bytes).
    Removing stm32f7xx_hal_rcc.o(i.HAL_RCC_CSSCallback), (2 bytes).
    Removing stm32f7xx_hal_rcc.o(i.HAL_RCC_DeInit), (100 bytes).
    Removing stm32f7xx_hal_rcc.o(i.HAL_RCC_DisableCSS), (16 bytes).
    Removing stm32f7xx_hal_rcc.o(i.HAL_RCC_EnableCSS), (16 bytes).
    Removing stm32f7xx_hal_rcc.o(i.HAL_RCC_GetClockConfig), (64 bytes).
    Removing stm32f7xx_hal_rcc.o(i.HAL_RCC_GetOscConfig), (228 bytes).
    Removing stm32f7xx_hal_rcc.o(i.HAL_RCC_GetPCLK1Freq), (48 bytes).
    Removing stm32f7xx_hal_rcc.o(i.HAL_RCC_GetPCLK2Freq), (48 bytes).
    Removing stm32f7xx_hal_rcc.o(i.HAL_RCC_MCOConfig), (148 bytes).
    Removing stm32f7xx_hal_rcc.o(i.HAL_RCC_NMI_IRQHandler), (28 bytes).
    Removing stm32f7xx_hal_adc_ex.o(.rev16_text), (4 bytes).
    Removing stm32f7xx_hal_adc_ex.o(.revsh_text), (4 bytes).
    Removing stm32f7xx_hal_adc_ex.o(.rrx_text), (6 bytes).
    Removing stm32f7xx_hal_adc_ex.o(i.ADC_MultiModeDMAConvCplt), (90 bytes).
    Removing stm32f7xx_hal_adc_ex.o(i.ADC_MultiModeDMAError), (18 bytes).
    Removing stm32f7xx_hal_adc_ex.o(i.ADC_MultiModeDMAHalfConvCplt), (6 bytes).
    Removing stm32f7xx_hal_adc_ex.o(i.HAL_ADCEx_InjectedConfigChannel), (452 bytes).
    Removing stm32f7xx_hal_adc_ex.o(i.HAL_ADCEx_InjectedGetValue), (62 bytes).
    Removing stm32f7xx_hal_adc_ex.o(i.HAL_ADCEx_InjectedPollForConversion), (136 bytes).
    Removing stm32f7xx_hal_adc_ex.o(i.HAL_ADCEx_InjectedStart), (204 bytes).
    Removing stm32f7xx_hal_adc_ex.o(i.HAL_ADCEx_InjectedStart_IT), (220 bytes).
    Removing stm32f7xx_hal_adc_ex.o(i.HAL_ADCEx_InjectedStop), (84 bytes).
    Removing stm32f7xx_hal_adc_ex.o(i.HAL_ADCEx_InjectedStop_IT), (92 bytes).
    Removing stm32f7xx_hal_adc_ex.o(i.HAL_ADCEx_MultiModeConfigChannel), (108 bytes).
    Removing stm32f7xx_hal_adc_ex.o(i.HAL_ADCEx_MultiModeGetValue), (12 bytes).
    Removing stm32f7xx_hal_adc_ex.o(i.HAL_ADCEx_MultiModeStart_DMA), (256 bytes).
    Removing stm32f7xx_hal_adc_ex.o(i.HAL_ADCEx_MultiModeStop_DMA), (100 bytes).
    Removing stm32f7xx_hal_adc.o(.rev16_text), (4 bytes).
    Removing stm32f7xx_hal_adc.o(.revsh_text), (4 bytes).
    Removing stm32f7xx_hal_adc.o(.rrx_text), (6 bytes).
    Removing stm32f7xx_hal_adc.o(i.HAL_ADC_AnalogWDGConfig), (112 bytes).
    Removing stm32f7xx_hal_adc.o(i.HAL_ADC_ConvCpltCallback), (2 bytes).
    Removing stm32f7xx_hal_adc.o(i.HAL_ADC_DeInit), (58 bytes).
    Removing stm32f7xx_hal_adc.o(i.HAL_ADC_GetError), (4 bytes).
    Removing stm32f7xx_hal_adc.o(i.HAL_ADC_GetState), (4 bytes).
    Removing stm32f7xx_hal_adc.o(i.HAL_ADC_GetValue), (6 bytes).
    Removing stm32f7xx_hal_adc.o(i.HAL_ADC_MspDeInit), (2 bytes).
    Removing stm32f7xx_hal_adc.o(i.HAL_ADC_MspInit), (2 bytes).
    Removing stm32f7xx_hal_adc.o(i.HAL_ADC_PollForConversion), (160 bytes).
    Removing stm32f7xx_hal_adc.o(i.HAL_ADC_PollForEvent), (108 bytes).
    Removing stm32f7xx_hal_adc.o(i.HAL_ADC_Start), (184 bytes).
    Removing stm32f7xx_hal_adc.o(i.HAL_ADC_Start_IT), (196 bytes).
    Removing stm32f7xx_hal_adc.o(i.HAL_ADC_Stop), (60 bytes).
    Removing stm32f7xx_hal_adc.o(i.HAL_ADC_Stop_DMA), (88 bytes).
    Removing stm32f7xx_hal_adc.o(i.HAL_ADC_Stop_IT), (72 bytes).
    Removing stm32f7xx_hal_sram.o(.rev16_text), (4 bytes).
    Removing stm32f7xx_hal_sram.o(.revsh_text), (4 bytes).
    Removing stm32f7xx_hal_sram.o(.rrx_text), (6 bytes).
    Removing stm32f7xx_hal_sram.o(i.HAL_SRAM_DMA_XferCpltCallback), (2 bytes).
    Removing stm32f7xx_hal_sram.o(i.HAL_SRAM_DMA_XferErrorCallback), (2 bytes).
    Removing stm32f7xx_hal_sram.o(i.HAL_SRAM_DeInit), (28 bytes).
    Removing stm32f7xx_hal_sram.o(i.HAL_SRAM_GetState), (6 bytes).
    Removing stm32f7xx_hal_sram.o(i.HAL_SRAM_MspDeInit), (2 bytes).
    Removing stm32f7xx_hal_sram.o(i.HAL_SRAM_MspInit), (2 bytes).
    Removing stm32f7xx_hal_sram.o(i.HAL_SRAM_Read_16b), (54 bytes).
    Removing stm32f7xx_hal_sram.o(i.HAL_SRAM_Read_32b), (50 bytes).
    Removing stm32f7xx_hal_sram.o(i.HAL_SRAM_Read_8b), (54 bytes).
    Removing stm32f7xx_hal_sram.o(i.HAL_SRAM_Read_DMA), (64 bytes).
    Removing stm32f7xx_hal_sram.o(i.HAL_SRAM_WriteOperation_Disable), (48 bytes).
    Removing stm32f7xx_hal_sram.o(i.HAL_SRAM_Write_16b), (66 bytes).
    Removing stm32f7xx_hal_sram.o(i.HAL_SRAM_Write_8b), (66 bytes).
    Removing stm32f7xx_hal_sram.o(i.HAL_SRAM_Write_DMA), (84 bytes).
    Removing stm32f7xx_ll_fmc.o(.rev16_text), (4 bytes).
    Removing stm32f7xx_ll_fmc.o(.revsh_text), (4 bytes).
    Removing stm32f7xx_ll_fmc.o(.rrx_text), (6 bytes).
    Removing stm32f7xx_ll_fmc.o(i.FMC_NAND_AttributeSpace_Timing_Init), (30 bytes).
    Removing stm32f7xx_ll_fmc.o(i.FMC_NAND_CommonSpace_Timing_Init), (30 bytes).
    Removing stm32f7xx_ll_fmc.o(i.FMC_NAND_DeInit), (30 bytes).
    Removing stm32f7xx_ll_fmc.o(i.FMC_NAND_ECC_Disable), (12 bytes).
    Removing stm32f7xx_ll_fmc.o(i.FMC_NAND_ECC_Enable), (12 bytes).
    Removing stm32f7xx_ll_fmc.o(i.FMC_NAND_GetECC), (56 bytes).
    Removing stm32f7xx_ll_fmc.o(i.FMC_NAND_Init), (52 bytes).
    Removing stm32f7xx_ll_fmc.o(i.FMC_NORSRAM_DeInit), (50 bytes).
    Removing stm32f7xx_ll_fmc.o(i.FMC_NORSRAM_WriteOperation_Disable), (16 bytes).
    Removing stm32f7xx_ll_fmc.o(i.FMC_SDRAM_DeInit), (32 bytes).
    Removing stm32f7xx_ll_fmc.o(i.FMC_SDRAM_GetModeStatus), (18 bytes).
    Removing stm32f7xx_ll_fmc.o(i.FMC_SDRAM_Init), (94 bytes).
    Removing stm32f7xx_ll_fmc.o(i.FMC_SDRAM_ProgramRefreshRate), (12 bytes).
    Removing stm32f7xx_ll_fmc.o(i.FMC_SDRAM_SendCommand), (72 bytes).
    Removing stm32f7xx_ll_fmc.o(i.FMC_SDRAM_SetAutoRefreshNumber), (12 bytes).
    Removing stm32f7xx_ll_fmc.o(i.FMC_SDRAM_Timing_Init), (140 bytes).
    Removing stm32f7xx_ll_fmc.o(i.FMC_SDRAM_WriteProtection_Disable), (16 bytes).
    Removing stm32f7xx_ll_fmc.o(i.FMC_SDRAM_WriteProtection_Enable), (16 bytes).

529 unused section(s) (total 38930 bytes) removed from the image.

==============================================================================

Image Symbol Table

    Local Symbols

    Symbol Name                              Value     Ov Type        Size  Object(Section)

    ../Drivers/CMSIS/Device/ST/STM32F7xx/Source/Templates/system_stm32f7xx.c 0x00000000   Number         0  system_stm32f7xx.o ABSOLUTE
    ../Drivers/STM32F7xx_HAL_Driver/Src/stm32f7xx_hal.c 0x00000000   Number         0  stm32f7xx_hal.o ABSOLUTE
    ../Drivers/STM32F7xx_HAL_Driver/Src/stm32f7xx_hal_adc.c 0x00000000   Number         0  stm32f7xx_hal_adc.o ABSOLUTE
    ../Drivers/STM32F7xx_HAL_Driver/Src/stm32f7xx_hal_adc_ex.c 0x00000000   Number         0  stm32f7xx_hal_adc_ex.o ABSOLUTE
    ../Drivers/STM32F7xx_HAL_Driver/Src/stm32f7xx_hal_cortex.c 0x00000000   Number         0  stm32f7xx_hal_cortex.o ABSOLUTE
    ../Drivers/STM32F7xx_HAL_Driver/Src/stm32f7xx_hal_dma.c 0x00000000   Number         0  stm32f7xx_hal_dma.o ABSOLUTE
    ../Drivers/STM32F7xx_HAL_Driver/Src/stm32f7xx_hal_dma_ex.c 0x00000000   Number         0  stm32f7xx_hal_dma_ex.o ABSOLUTE
    ../Drivers/STM32F7xx_HAL_Driver/Src/stm32f7xx_hal_flash.c 0x00000000   Number         0  stm32f7xx_hal_flash.o ABSOLUTE
    ../Drivers/STM32F7xx_HAL_Driver/Src/stm32f7xx_hal_flash_ex.c 0x00000000   Number         0  stm32f7xx_hal_flash_ex.o ABSOLUTE
    ../Drivers/STM32F7xx_HAL_Driver/Src/stm32f7xx_hal_gpio.c 0x00000000   Number         0  stm32f7xx_hal_gpio.o ABSOLUTE
    ../Drivers/STM32F7xx_HAL_Driver/Src/stm32f7xx_hal_i2c.c 0x00000000   Number         0  stm32f7xx_hal_i2c.o ABSOLUTE
    ../Drivers/STM32F7xx_HAL_Driver/Src/stm32f7xx_hal_i2c_ex.c 0x00000000   Number         0  stm32f7xx_hal_i2c_ex.o ABSOLUTE
    ../Drivers/STM32F7xx_HAL_Driver/Src/stm32f7xx_hal_pwr.c 0x00000000   Number         0  stm32f7xx_hal_pwr.o ABSOLUTE
    ../Drivers/STM32F7xx_HAL_Driver/Src/stm32f7xx_hal_pwr_ex.c 0x00000000   Number         0  stm32f7xx_hal_pwr_ex.o ABSOLUTE
    ../Drivers/STM32F7xx_HAL_Driver/Src/stm32f7xx_hal_rcc.c 0x00000000   Number         0  stm32f7xx_hal_rcc.o ABSOLUTE
    ../Drivers/STM32F7xx_HAL_Driver/Src/stm32f7xx_hal_rcc_ex.c 0x00000000   Number         0  stm32f7xx_hal_rcc_ex.o ABSOLUTE
    ../Drivers/STM32F7xx_HAL_Driver/Src/stm32f7xx_hal_spi.c 0x00000000   Number         0  stm32f7xx_hal_spi.o ABSOLUTE
    ../Drivers/STM32F7xx_HAL_Driver/Src/stm32f7xx_hal_sram.c 0x00000000   Number         0  stm32f7xx_hal_sram.o ABSOLUTE
    ../Drivers/STM32F7xx_HAL_Driver/Src/stm32f7xx_hal_tim.c 0x00000000   Number         0  stm32f7xx_hal_tim.o ABSOLUTE
    ../Drivers/STM32F7xx_HAL_Driver/Src/stm32f7xx_hal_tim_ex.c 0x00000000   Number         0  stm32f7xx_hal_tim_ex.o ABSOLUTE
    ../Drivers/STM32F7xx_HAL_Driver/Src/stm32f7xx_ll_fmc.c 0x00000000   Number         0  stm32f7xx_ll_fmc.o ABSOLUTE
    ../Src/adc.c                             0x00000000   Number         0  adc.o ABSOLUTE
    ../Src/dma.c                             0x00000000   Number         0  dma.o ABSOLUTE
    ../Src/fmc.c                             0x00000000   Number         0  fmc.o ABSOLUTE
    ../Src/gpio.c                            0x00000000   Number         0  gpio.o ABSOLUTE
    ../Src/main.c                            0x00000000   Number         0  main.o ABSOLUTE
    ../Src/spi.c                             0x00000000   Number         0  spi.o ABSOLUTE
    ../Src/stm32f7xx_hal_msp.c               0x00000000   Number         0  stm32f7xx_hal_msp.o ABSOLUTE
    ../Src/stm32f7xx_it.c                    0x00000000   Number         0  stm32f7xx_it.o ABSOLUTE
    ../Src/tim.c                             0x00000000   Number         0  tim.o ABSOLUTE
    ../clib/microlib/init/entry.s            0x00000000   Number         0  entry2.o ABSOLUTE
    ../clib/microlib/init/entry.s            0x00000000   Number         0  entry7b.o ABSOLUTE
    ../clib/microlib/init/entry.s            0x00000000   Number         0  entry10b.o ABSOLUTE
    ../clib/microlib/init/entry.s            0x00000000   Number         0  entry11a.o ABSOLUTE
    ../clib/microlib/init/entry.s            0x00000000   Number         0  entry5.o ABSOLUTE
    ../clib/microlib/init/entry.s            0x00000000   Number         0  entry11b.o ABSOLUTE
    ../clib/microlib/init/entry.s            0x00000000   Number         0  entry7a.o ABSOLUTE
    ../clib/microlib/init/entry.s            0x00000000   Number         0  entry9b.o ABSOLUTE
    ../clib/microlib/init/entry.s            0x00000000   Number         0  entry10a.o ABSOLUTE
    ../clib/microlib/init/entry.s            0x00000000   Number         0  entry9a.o ABSOLUTE
    ../clib/microlib/init/entry.s            0x00000000   Number         0  entry8b.o ABSOLUTE
    ../clib/microlib/init/entry.s            0x00000000   Number         0  entry8a.o ABSOLUTE
    ../clib/microlib/init/entry.s            0x00000000   Number         0  entry.o ABSOLUTE
    ..\Drivers\CMSIS\Device\ST\STM32F7xx\Source\Templates\system_stm32f7xx.c 0x00000000   Number         0  system_stm32f7xx.o ABSOLUTE
    ..\Drivers\STM32F7xx_HAL_Driver\Src\stm32f7xx_hal.c 0x00000000   Number         0  stm32f7xx_hal.o ABSOLUTE
    ..\Drivers\STM32F7xx_HAL_Driver\Src\stm32f7xx_hal_adc.c 0x00000000   Number         0  stm32f7xx_hal_adc.o ABSOLUTE
    ..\Drivers\STM32F7xx_HAL_Driver\Src\stm32f7xx_hal_adc_ex.c 0x00000000   Number         0  stm32f7xx_hal_adc_ex.o ABSOLUTE
    ..\Drivers\STM32F7xx_HAL_Driver\Src\stm32f7xx_hal_cortex.c 0x00000000   Number         0  stm32f7xx_hal_cortex.o ABSOLUTE
    ..\Drivers\STM32F7xx_HAL_Driver\Src\stm32f7xx_hal_dma.c 0x00000000   Number         0  stm32f7xx_hal_dma.o ABSOLUTE
    ..\Drivers\STM32F7xx_HAL_Driver\Src\stm32f7xx_hal_dma_ex.c 0x00000000   Number         0  stm32f7xx_hal_dma_ex.o ABSOLUTE
    ..\Drivers\STM32F7xx_HAL_Driver\Src\stm32f7xx_hal_flash.c 0x00000000   Number         0  stm32f7xx_hal_flash.o ABSOLUTE
    ..\Drivers\STM32F7xx_HAL_Driver\Src\stm32f7xx_hal_flash_ex.c 0x00000000   Number         0  stm32f7xx_hal_flash_ex.o ABSOLUTE
    ..\Drivers\STM32F7xx_HAL_Driver\Src\stm32f7xx_hal_gpio.c 0x00000000   Number         0  stm32f7xx_hal_gpio.o ABSOLUTE
    ..\Drivers\STM32F7xx_HAL_Driver\Src\stm32f7xx_hal_i2c.c 0x00000000   Number         0  stm32f7xx_hal_i2c.o ABSOLUTE
    ..\Drivers\STM32F7xx_HAL_Driver\Src\stm32f7xx_hal_i2c_ex.c 0x00000000   Number         0  stm32f7xx_hal_i2c_ex.o ABSOLUTE
    ..\Drivers\STM32F7xx_HAL_Driver\Src\stm32f7xx_hal_pwr.c 0x00000000   Number         0  stm32f7xx_hal_pwr.o ABSOLUTE
    ..\Drivers\STM32F7xx_HAL_Driver\Src\stm32f7xx_hal_pwr_ex.c 0x00000000   Number         0  stm32f7xx_hal_pwr_ex.o ABSOLUTE
    ..\Drivers\STM32F7xx_HAL_Driver\Src\stm32f7xx_hal_rcc.c 0x00000000   Number         0  stm32f7xx_hal_rcc.o ABSOLUTE
    ..\Drivers\STM32F7xx_HAL_Driver\Src\stm32f7xx_hal_rcc_ex.c 0x00000000   Number         0  stm32f7xx_hal_rcc_ex.o ABSOLUTE
    ..\Drivers\STM32F7xx_HAL_Driver\Src\stm32f7xx_hal_spi.c 0x00000000   Number         0  stm32f7xx_hal_spi.o ABSOLUTE
    ..\Drivers\STM32F7xx_HAL_Driver\Src\stm32f7xx_hal_sram.c 0x00000000   Number         0  stm32f7xx_hal_sram.o ABSOLUTE
    ..\Drivers\STM32F7xx_HAL_Driver\Src\stm32f7xx_hal_tim.c 0x00000000   Number         0  stm32f7xx_hal_tim.o ABSOLUTE
    ..\Drivers\STM32F7xx_HAL_Driver\Src\stm32f7xx_hal_tim_ex.c 0x00000000   Number         0  stm32f7xx_hal_tim_ex.o ABSOLUTE
    ..\Drivers\STM32F7xx_HAL_Driver\Src\stm32f7xx_ll_fmc.c 0x00000000   Number         0  stm32f7xx_ll_fmc.o ABSOLUTE
    ..\Src\Controller.c                      0x00000000   Number         0  controller.o ABSOLUTE
    ..\Src\adc.c                             0x00000000   Number         0  adc.o ABSOLUTE
    ..\Src\dma.c                             0x00000000   Number         0  dma.o ABSOLUTE
    ..\Src\fmc.c                             0x00000000   Number         0  fmc.o ABSOLUTE
    ..\Src\gpio.c                            0x00000000   Number         0  gpio.o ABSOLUTE
    ..\Src\main.c                            0x00000000   Number         0  main.o ABSOLUTE
    ..\Src\pid.c                             0x00000000   Number         0  pid.o ABSOLUTE
    ..\Src\sintable.c                        0x00000000   Number         0  sintable.o ABSOLUTE
    ..\Src\spi.c                             0x00000000   Number         0  spi.o ABSOLUTE
    ..\Src\stm32f7xx_hal_msp.c               0x00000000   Number         0  stm32f7xx_hal_msp.o ABSOLUTE
    ..\Src\stm32f7xx_it.c                    0x00000000   Number         0  stm32f7xx_it.o ABSOLUTE
    ..\Src\tim.c                             0x00000000   Number         0  tim.o ABSOLUTE
    ..\\Src\\Controller.c                    0x00000000   Number         0  controller.o ABSOLUTE
    dc.s                                     0x00000000   Number         0  dc.o ABSOLUTE
    handlers.s                               0x00000000   Number         0  handlers.o ABSOLUTE
    init.s                                   0x00000000   Number         0  init.o ABSOLUTE
    startup_stm32f767xx.s                    0x00000000   Number         0  startup_stm32f767xx.o ABSOLUTE
    RESET                                    0x08000000   Section      504  startup_stm32f767xx.o(RESET)
    .ARM.Collect$$$$00000000                 0x080001f8   Section        0  entry.o(.ARM.Collect$$$$00000000)
    .ARM.Collect$$$$00000001                 0x080001f8   Section        4  entry2.o(.ARM.Collect$$$$00000001)
    .ARM.Collect$$$$00000004                 0x080001fc   Section        4  entry5.o(.ARM.Collect$$$$00000004)
    .ARM.Collect$$$$00000008                 0x08000200   Section        0  entry7b.o(.ARM.Collect$$$$00000008)
    .ARM.Collect$$$$0000000A                 0x08000200   Section        0  entry8b.o(.ARM.Collect$$$$0000000A)
    .ARM.Collect$$$$0000000B                 0x08000200   Section        8  entry9a.o(.ARM.Collect$$$$0000000B)
    .ARM.Collect$$$$0000000D                 0x08000208   Section        0  entry10a.o(.ARM.Collect$$$$0000000D)
    .ARM.Collect$$$$0000000F                 0x08000208   Section        0  entry11a.o(.ARM.Collect$$$$0000000F)
    .ARM.Collect$$$$00002712                 0x08000208   Section        4  entry2.o(.ARM.Collect$$$$00002712)
    __lit__00000000                          0x08000208   Data           4  entry2.o(.ARM.Collect$$$$00002712)
    .text                                    0x0800020c   Section       36  startup_stm32f767xx.o(.text)
    $v0                                      0x0800020c   Number         0  startup_stm32f767xx.o(.text)
    .text                                    0x08000230   Section       36  init.o(.text)
    i.ADC_DMAConvCplt                        0x08000254   Section        0  stm32f7xx_hal_adc.o(i.ADC_DMAConvCplt)
    ADC_DMAConvCplt                          0x08000255   Thumb Code    98  stm32f7xx_hal_adc.o(i.ADC_DMAConvCplt)
    i.ADC_DMAError                           0x080002b6   Section        0  stm32f7xx_hal_adc.o(i.ADC_DMAError)
    ADC_DMAError                             0x080002b7   Thumb Code    22  stm32f7xx_hal_adc.o(i.ADC_DMAError)
    i.ADC_DMAHalfConvCplt                    0x080002cc   Section        0  stm32f7xx_hal_adc.o(i.ADC_DMAHalfConvCplt)
    ADC_DMAHalfConvCplt                      0x080002cd   Thumb Code    10  stm32f7xx_hal_adc.o(i.ADC_DMAHalfConvCplt)
    i.ADC_IRQHandler                         0x080002d8   Section        0  stm32f7xx_it.o(i.ADC_IRQHandler)
    i.ADC_Init                               0x080002e4   Section        0  stm32f7xx_hal_adc.o(i.ADC_Init)
    ADC_Init                                 0x080002e5   Thumb Code   302  stm32f7xx_hal_adc.o(i.ADC_Init)
    i.BusFault_Handler                       0x0800041c   Section        0  stm32f7xx_it.o(i.BusFault_Handler)
    i.DMA2_Stream0_IRQHandler                0x08000420   Section        0  stm32f7xx_it.o(i.DMA2_Stream0_IRQHandler)
    i.DMA_CalcBaseAndBitshift                0x0800042c   Section        0  stm32f7xx_hal_dma.o(i.DMA_CalcBaseAndBitshift)
    DMA_CalcBaseAndBitshift                  0x0800042d   Thumb Code    34  stm32f7xx_hal_dma.o(i.DMA_CalcBaseAndBitshift)
    i.DMA_CheckFifoParam                     0x08000454   Section        0  stm32f7xx_hal_dma.o(i.DMA_CheckFifoParam)
    DMA_CheckFifoParam                       0x08000455   Thumb Code    84  stm32f7xx_hal_dma.o(i.DMA_CheckFifoParam)
    i.DMA_SetConfig                          0x080004a8   Section        0  stm32f7xx_hal_dma.o(i.DMA_SetConfig)
    DMA_SetConfig                            0x080004a9   Thumb Code    40  stm32f7xx_hal_dma.o(i.DMA_SetConfig)
    i.DebugMon_Handler                       0x080004d0   Section        0  stm32f7xx_it.o(i.DebugMon_Handler)
    i.Error_Handler                          0x080004d2   Section        0  main.o(i.Error_Handler)
    i.FMC_NORSRAM_Extended_Timing_Init       0x080004d4   Section        0  stm32f7xx_ll_fmc.o(i.FMC_NORSRAM_Extended_Timing_Init)
    i.FMC_NORSRAM_Init                       0x08000514   Section        0  stm32f7xx_ll_fmc.o(i.FMC_NORSRAM_Init)
    i.FMC_NORSRAM_Timing_Init                0x080005b0   Section        0  stm32f7xx_ll_fmc.o(i.FMC_NORSRAM_Timing_Init)
    i.FMC_NORSRAM_WriteOperation_Enable      0x08000614   Section        0  stm32f7xx_ll_fmc.o(i.FMC_NORSRAM_WriteOperation_Enable)
    i.HAL_ADCEx_InjectedConvCpltCallback     0x08000624   Section        0  stm32f7xx_hal_adc_ex.o(i.HAL_ADCEx_InjectedConvCpltCallback)
    i.HAL_ADC_ConfigChannel                  0x08000628   Section        0  stm32f7xx_hal_adc.o(i.HAL_ADC_ConfigChannel)
    i.HAL_ADC_ConvCpltCallback               0x0800078c   Section        0  main.o(i.HAL_ADC_ConvCpltCallback)
    i.HAL_ADC_ConvHalfCpltCallback           0x080007a8   Section        0  stm32f7xx_hal_adc.o(i.HAL_ADC_ConvHalfCpltCallback)
    i.HAL_ADC_ErrorCallback                  0x080007aa   Section        0  stm32f7xx_hal_adc.o(i.HAL_ADC_ErrorCallback)
    i.HAL_ADC_IRQHandler                     0x080007ac   Section        0  stm32f7xx_hal_adc.o(i.HAL_ADC_IRQHandler)
    i.HAL_ADC_Init                           0x080008e8   Section        0  stm32f7xx_hal_adc.o(i.HAL_ADC_Init)
    i.HAL_ADC_LevelOutOfWindowCallback       0x0800093c   Section        0  stm32f7xx_hal_adc.o(i.HAL_ADC_LevelOutOfWindowCallback)
    i.HAL_ADC_MspInit                        0x08000940   Section        0  adc.o(i.HAL_ADC_MspInit)
    i.HAL_ADC_Start_DMA                      0x080009d0   Section        0  stm32f7xx_hal_adc.o(i.HAL_ADC_Start_DMA)
    i.HAL_DMA_IRQHandler                     0x08000acc   Section        0  stm32f7xx_hal_dma.o(i.HAL_DMA_IRQHandler)
    i.HAL_DMA_Init                           0x08000c74   Section        0  stm32f7xx_hal_dma.o(i.HAL_DMA_Init)
    i.HAL_DMA_Start_IT                       0x08000d54   Section        0  stm32f7xx_hal_dma.o(i.HAL_DMA_Start_IT)
    i.HAL_Delay                              0x08000dce   Section        0  stm32f7xx_hal.o(i.HAL_Delay)
    i.HAL_FMC_MspInit                        0x08000de4   Section        0  fmc.o(i.HAL_FMC_MspInit)
    HAL_FMC_MspInit                          0x08000de5   Thumb Code   126  fmc.o(i.HAL_FMC_MspInit)
    i.HAL_GPIO_Init                          0x08000e80   Section        0  stm32f7xx_hal_gpio.o(i.HAL_GPIO_Init)
    i.HAL_GPIO_WritePin                      0x08001058   Section        0  stm32f7xx_hal_gpio.o(i.HAL_GPIO_WritePin)
    i.HAL_GetTick                            0x08001064   Section        0  stm32f7xx_hal.o(i.HAL_GetTick)
    i.HAL_IncTick                            0x08001070   Section        0  stm32f7xx_hal.o(i.HAL_IncTick)
    i.HAL_Init                               0x08001080   Section        0  stm32f7xx_hal.o(i.HAL_Init)
    i.HAL_InitTick                           0x08001098   Section        0  stm32f7xx_hal.o(i.HAL_InitTick)
    i.HAL_MspInit                            0x080010c0   Section        0  stm32f7xx_hal_msp.o(i.HAL_MspInit)
    i.HAL_NVIC_EnableIRQ                     0x08001118   Section        0  stm32f7xx_hal_cortex.o(i.HAL_NVIC_EnableIRQ)
    i.HAL_NVIC_SetPriority                   0x08001130   Section        0  stm32f7xx_hal_cortex.o(i.HAL_NVIC_SetPriority)
    i.HAL_NVIC_SetPriorityGrouping           0x08001170   Section        0  stm32f7xx_hal_cortex.o(i.HAL_NVIC_SetPriorityGrouping)
    i.HAL_PWREx_EnableOverDrive              0x08001194   Section        0  stm32f7xx_hal_pwr_ex.o(i.HAL_PWREx_EnableOverDrive)
    i.HAL_RCC_ClockConfig                    0x08001200   Section        0  stm32f7xx_hal_rcc.o(i.HAL_RCC_ClockConfig)
    i.HAL_RCC_GetHCLKFreq                    0x08001364   Section        0  stm32f7xx_hal_rcc.o(i.HAL_RCC_GetHCLKFreq)
    i.HAL_RCC_GetSysClockFreq                0x08001370   Section        0  stm32f7xx_hal_rcc.o(i.HAL_RCC_GetSysClockFreq)
    i.HAL_RCC_OscConfig                      0x080013f0   Section        0  stm32f7xx_hal_rcc.o(i.HAL_RCC_OscConfig)
    i.HAL_SPI_Init                           0x08001728   Section        0  stm32f7xx_hal_spi.o(i.HAL_SPI_Init)
    i.HAL_SPI_MspInit                        0x080017ec   Section        0  spi.o(i.HAL_SPI_MspInit)
    i.HAL_SPI_Receive                        0x08001874   Section        0  stm32f7xx_hal_spi.o(i.HAL_SPI_Receive)
    i.HAL_SPI_Transmit                       0x080019e6   Section        0  stm32f7xx_hal_spi.o(i.HAL_SPI_Transmit)
    i.HAL_SPI_TransmitReceive                0x08001b24   Section        0  stm32f7xx_hal_spi.o(i.HAL_SPI_TransmitReceive)
    i.HAL_SRAM_Init                          0x08001d4e   Section        0  stm32f7xx_hal_sram.o(i.HAL_SRAM_Init)
    i.HAL_SRAM_MspInit                       0x08001da4   Section        0  fmc.o(i.HAL_SRAM_MspInit)
    i.HAL_SRAM_WriteOperation_Enable         0x08001da8   Section        0  stm32f7xx_hal_sram.o(i.HAL_SRAM_WriteOperation_Enable)
    i.HAL_SRAM_Write_32b                     0x08001dd2   Section        0  stm32f7xx_hal_sram.o(i.HAL_SRAM_Write_32b)
    i.HAL_SYSTICK_CLKSourceConfig            0x08001e10   Section        0  stm32f7xx_hal_cortex.o(i.HAL_SYSTICK_CLKSourceConfig)
    i.HAL_SYSTICK_Callback                   0x08001e28   Section        0  stm32f7xx_hal_cortex.o(i.HAL_SYSTICK_Callback)
    i.HAL_SYSTICK_Config                     0x08001e2a   Section        0  stm32f7xx_hal_cortex.o(i.HAL_SYSTICK_Config)
    i.HAL_SYSTICK_IRQHandler                 0x08001e50   Section        0  stm32f7xx_hal_cortex.o(i.HAL_SYSTICK_IRQHandler)
    i.HAL_TIMEx_ConfigBreakDeadTime          0x08001e58   Section        0  stm32f7xx_hal_tim_ex.o(i.HAL_TIMEx_ConfigBreakDeadTime)
    i.HAL_TIMEx_ConfigBreakInput             0x08001eba   Section        0  stm32f7xx_hal_tim_ex.o(i.HAL_TIMEx_ConfigBreakInput)
    i.HAL_TIMEx_MasterConfigSynchronization  0x08001f20   Section        0  stm32f7xx_hal_tim_ex.o(i.HAL_TIMEx_MasterConfigSynchronization)
    i.HAL_TIMEx_PWMN_Start                   0x08001f78   Section        0  stm32f7xx_hal_tim_ex.o(i.HAL_TIMEx_PWMN_Start)
    i.HAL_TIM_Base_Init                      0x08001f9c   Section        0  stm32f7xx_hal_tim.o(i.HAL_TIM_Base_Init)
    i.HAL_TIM_Base_MspInit                   0x08001fcc   Section        0  tim.o(i.HAL_TIM_Base_MspInit)
    i.HAL_TIM_ConfigClockSource              0x08002018   Section        0  stm32f7xx_hal_tim.o(i.HAL_TIM_ConfigClockSource)
    i.HAL_TIM_MspPostInit                    0x08002114   Section        0  tim.o(i.HAL_TIM_MspPostInit)
    i.HAL_TIM_PWM_ConfigChannel              0x08002164   Section        0  stm32f7xx_hal_tim_ex.o(i.HAL_TIM_PWM_ConfigChannel)
    i.HAL_TIM_PWM_Init                       0x0800228c   Section        0  stm32f7xx_hal_tim.o(i.HAL_TIM_PWM_Init)
    i.HAL_TIM_PWM_MspInit                    0x080022c2   Section        0  stm32f7xx_hal_tim.o(i.HAL_TIM_PWM_MspInit)
    i.HAL_TIM_PWM_Start                      0x080022c4   Section        0  stm32f7xx_hal_tim.o(i.HAL_TIM_PWM_Start)
    i.HardFault_Handler                      0x080022fc   Section        0  stm32f7xx_it.o(i.HardFault_Handler)
    i.InitTLV5630                            0x08002300   Section        0  main.o(i.InitTLV5630)
    i.MX_ADC1_Init                           0x0800233c   Section        0  adc.o(i.MX_ADC1_Init)
    i.MX_DMA_Init                            0x080023b8   Section        0  dma.o(i.MX_DMA_Init)
    i.MX_FMC_Init                            0x080023e4   Section        0  fmc.o(i.MX_FMC_Init)
    i.MX_GPIO_Init                           0x0800244c   Section        0  gpio.o(i.MX_GPIO_Init)
    i.MX_SPI3_Init                           0x0800253c   Section        0  spi.o(i.MX_SPI3_Init)
    i.MX_SPI6_Init                           0x08002588   Section        0  spi.o(i.MX_SPI6_Init)
    i.MX_TIM1_Init                           0x080025dc   Section        0  tim.o(i.MX_TIM1_Init)
    i.MemManage_Handler                      0x080026d0   Section        0  stm32f7xx_it.o(i.MemManage_Handler)
    i.NMI_Handler                            0x080026d2   Section        0  stm32f7xx_it.o(i.NMI_Handler)
    i.NVIC_SetPriority                       0x080026d4   Section        0  stm32f7xx_hal_cortex.o(i.NVIC_SetPriority)
    NVIC_SetPriority                         0x080026d5   Thumb Code    34  stm32f7xx_hal_cortex.o(i.NVIC_SetPriority)
    i.PendSV_Handler                         0x080026f6   Section        0  stm32f7xx_it.o(i.PendSV_Handler)
    i.SPI_EndRxTransaction                   0x080026f8   Section        0  stm32f7xx_hal_spi.o(i.SPI_EndRxTransaction)
    SPI_EndRxTransaction                     0x080026f9   Thumb Code   116  stm32f7xx_hal_spi.o(i.SPI_EndRxTransaction)
    i.SPI_EndRxTxTransaction                 0x0800276c   Section        0  stm32f7xx_hal_spi.o(i.SPI_EndRxTxTransaction)
    SPI_EndRxTxTransaction                   0x0800276d   Thumb Code    72  stm32f7xx_hal_spi.o(i.SPI_EndRxTxTransaction)
    i.SPI_WaitFifoStateUntilTimeout          0x080027b4   Section        0  stm32f7xx_hal_spi.o(i.SPI_WaitFifoStateUntilTimeout)
    SPI_WaitFifoStateUntilTimeout            0x080027b5   Thumb Code   160  stm32f7xx_hal_spi.o(i.SPI_WaitFifoStateUntilTimeout)
    i.SPI_WaitFlagStateUntilTimeout          0x08002854   Section        0  stm32f7xx_hal_spi.o(i.SPI_WaitFlagStateUntilTimeout)
    SPI_WaitFlagStateUntilTimeout            0x08002855   Thumb Code   140  stm32f7xx_hal_spi.o(i.SPI_WaitFlagStateUntilTimeout)
    i.SVC_Handler                            0x080028e0   Section        0  stm32f7xx_it.o(i.SVC_Handler)
    i.SysTick_Handler                        0x080028e2   Section        0  stm32f7xx_it.o(i.SysTick_Handler)
    i.SystemClock_Config                     0x080028f0   Section        0  main.o(i.SystemClock_Config)
    i.SystemInit                             0x08002994   Section        0  system_stm32f7xx.o(i.SystemInit)
    i.TIM_Base_SetConfig                     0x080029e8   Section        0  stm32f7xx_hal_tim.o(i.TIM_Base_SetConfig)
    i.TIM_CCxChannelCmd                      0x08002aac   Section        0  stm32f7xx_hal_tim.o(i.TIM_CCxChannelCmd)
    i.TIM_CCxNChannelCmd                     0x08002ac2   Section        0  stm32f7xx_hal_tim_ex.o(i.TIM_CCxNChannelCmd)
    TIM_CCxNChannelCmd                       0x08002ac3   Thumb Code    22  stm32f7xx_hal_tim_ex.o(i.TIM_CCxNChannelCmd)
    i.TIM_ETR_SetConfig                      0x08002ad8   Section        0  stm32f7xx_hal_tim.o(i.TIM_ETR_SetConfig)
    i.TIM_ITRx_SetConfig                     0x08002aea   Section        0  stm32f7xx_hal_tim.o(i.TIM_ITRx_SetConfig)
    TIM_ITRx_SetConfig                       0x08002aeb   Thumb Code    16  stm32f7xx_hal_tim.o(i.TIM_ITRx_SetConfig)
    i.TIM_OC1_SetConfig                      0x08002afc   Section        0  stm32f7xx_hal_tim.o(i.TIM_OC1_SetConfig)
    i.TIM_OC2_SetConfig                      0x08002b64   Section        0  stm32f7xx_hal_tim.o(i.TIM_OC2_SetConfig)
    i.TIM_OC3_SetConfig                      0x08002bd0   Section        0  stm32f7xx_hal_tim.o(i.TIM_OC3_SetConfig)
    i.TIM_OC4_SetConfig                      0x08002c3c   Section        0  stm32f7xx_hal_tim.o(i.TIM_OC4_SetConfig)
    i.TIM_OC5_SetConfig                      0x08002c94   Section        0  stm32f7xx_hal_tim_ex.o(i.TIM_OC5_SetConfig)
    TIM_OC5_SetConfig                        0x08002c95   Thumb Code    74  stm32f7xx_hal_tim_ex.o(i.TIM_OC5_SetConfig)
    i.TIM_OC6_SetConfig                      0x08002cec   Section        0  stm32f7xx_hal_tim_ex.o(i.TIM_OC6_SetConfig)
    TIM_OC6_SetConfig                        0x08002ced   Thumb Code    74  stm32f7xx_hal_tim_ex.o(i.TIM_OC6_SetConfig)
    i.TIM_TI1_ConfigInputStage               0x08002d44   Section        0  stm32f7xx_hal_tim.o(i.TIM_TI1_ConfigInputStage)
    TIM_TI1_ConfigInputStage                 0x08002d45   Thumb Code    34  stm32f7xx_hal_tim.o(i.TIM_TI1_ConfigInputStage)
    i.TIM_TI2_ConfigInputStage               0x08002d66   Section        0  stm32f7xx_hal_tim.o(i.TIM_TI2_ConfigInputStage)
    TIM_TI2_ConfigInputStage                 0x08002d67   Thumb Code    36  stm32f7xx_hal_tim.o(i.TIM_TI2_ConfigInputStage)
    i.UsageFault_Handler                     0x08002d8a   Section        0  stm32f7xx_it.o(i.UsageFault_Handler)
    i.__scatterload_copy                     0x08002d8c   Section       14  handlers.o(i.__scatterload_copy)
    i.__scatterload_null                     0x08002d9a   Section        2  handlers.o(i.__scatterload_null)
    i.__scatterload_zeroinit                 0x08002d9c   Section       14  handlers.o(i.__scatterload_zeroinit)
    i.a_monitor                              0x08002dac   Section        0  controller.o(i.a_monitor)
    i.abc2alphabeta                          0x08002e34   Section        0  controller.o(i.abc2alphabeta)
    i.alphabeta2dq                           0x08002e78   Section        0  controller.o(i.alphabeta2dq)
    i.calc_speed                             0x08002ed8   Section        0  controller.o(i.calc_speed)
    i.controltask                            0x08002f6c   Section        0  controller.o(i.controltask)
    i.dq2alphabeta                           0x080031b0   Section        0  controller.o(i.dq2alphabeta)
    i.fake_3Phase_Voltage                    0x08003210   Section        0  controller.o(i.fake_3Phase_Voltage)
    i.init_control                           0x080032a0   Section        0  controller.o(i.init_control)
    i.main                                   0x080033b0   Section        0  main.o(i.main)
    i.pid_calc                               0x08003464   Section        0  pid.o(i.pid_calc)
    i.read_angle                             0x08003520   Section        0  controller.o(i.read_angle)
    i.svpwm                                  0x080035bc   Section        0  controller.o(i.svpwm)
    i.update_curr                            0x080037b0   Section        0  controller.o(i.update_curr)
    .constdata                               0x08003838   Section    16384  sintable.o(.constdata)
    .constdata                               0x08007838   Section    16384  sintable.o(.constdata)
    .constdata                               0x0800b838   Section       16  system_stm32f7xx.o(.constdata)
    .constdata                               0x0800b848   Section        8  stm32f7xx_hal_dma.o(.constdata)
    flagBitshiftOffset                       0x0800b848   Data           8  stm32f7xx_hal_dma.o(.constdata)
    .data                                    0x20000000   Section        8  main.o(.data)
    .data                                    0x20000008   Section       12  controller.o(.data)
    fake_a                                   0x2000000a   Data           2  controller.o(.data)
    fake_b                                   0x2000000c   Data           2  controller.o(.data)
    fake_c                                   0x2000000e   Data           2  controller.o(.data)
    theta_l                                  0x20000010   Data           4  controller.o(.data)
    .data                                    0x20000014   Section        8  fmc.o(.data)
    FMC_Initialized                          0x20000014   Data           4  fmc.o(.data)
    FMC_DeInitialized                        0x20000018   Data           4  fmc.o(.data)
    .data                                    0x2000001c   Section        4  system_stm32f7xx.o(.data)
    .data                                    0x20000020   Section        4  stm32f7xx_hal.o(.data)
    .bss                                     0x20000024   Section      200  spi.o(.bss)
    .bss                                     0x200000ec   Section      320  controller.o(.bss)
    .bss                                     0x2000022c   Section       60  tim.o(.bss)
    .bss                                     0x20000268   Section      168  adc.o(.bss)
    .bss                                     0x20000310   Section       76  fmc.o(.bss)
    STACK                                    0x20000360   Section     1024  startup_stm32f767xx.o(STACK)

    Global Symbols

    Symbol Name                              Value     Ov Type        Size  Object(Section)

    BuildAttributes$$THM_ISAv4$E$P$D$K$B$S$7EM$VFPv5_D16$PE$PLD8$A:L22UL41UL21$X:L11$S22US41US21$IEEE1$IW$USESV6$~STKCKD$USESV7$~SHL$OSPACE$EBA8$MICROLIB$REQ8$PRES8$EABIv2 0x00000000   Number         0  anon$$obj.o ABSOLUTE
    __ARM_use_no_argv                        0x00000000   Number         0  main.o ABSOLUTE
    __cpp_initialize__aeabi_                  - Undefined Weak Reference
    __cxa_finalize                            - Undefined Weak Reference
    __decompress                              - Undefined Weak Reference
    _clock_init                               - Undefined Weak Reference
    _microlib_exit                            - Undefined Weak Reference
    __Vectors_Size                           0x000001f8   Number         0  startup_stm32f767xx.o ABSOLUTE
    __Vectors                                0x08000000   Data           4  startup_stm32f767xx.o(RESET)
    __Vectors_End                            0x080001f8   Data           0  startup_stm32f767xx.o(RESET)
    __main                                   0x080001f9   Thumb Code     0  entry.o(.ARM.Collect$$$$00000000)
    _main_stk                                0x080001f9   Thumb Code     0  entry2.o(.ARM.Collect$$$$00000001)
    _main_scatterload                        0x080001fd   Thumb Code     0  entry5.o(.ARM.Collect$$$$00000004)
    __main_after_scatterload                 0x08000201   Thumb Code     0  entry5.o(.ARM.Collect$$$$00000004)
    _main_clock                              0x08000201   Thumb Code     0  entry7b.o(.ARM.Collect$$$$00000008)
    _main_cpp_init                           0x08000201   Thumb Code     0  entry8b.o(.ARM.Collect$$$$0000000A)
    _main_init                               0x08000201   Thumb Code     0  entry9a.o(.ARM.Collect$$$$0000000B)
    __rt_final_cpp                           0x08000209   Thumb Code     0  entry10a.o(.ARM.Collect$$$$0000000D)
    __rt_final_exit                          0x08000209   Thumb Code     0  entry11a.o(.ARM.Collect$$$$0000000F)
    Reset_Handler                            0x0800020d   Thumb Code     8  startup_stm32f767xx.o(.text)
    CAN1_RX0_IRQHandler                      0x08000227   Thumb Code     0  startup_stm32f767xx.o(.text)
    CAN1_RX1_IRQHandler                      0x08000227   Thumb Code     0  startup_stm32f767xx.o(.text)
    CAN1_SCE_IRQHandler                      0x08000227   Thumb Code     0  startup_stm32f767xx.o(.text)
    CAN1_TX_IRQHandler                       0x08000227   Thumb Code     0  startup_stm32f767xx.o(.text)
    CAN2_RX0_IRQHandler                      0x08000227   Thumb Code     0  startup_stm32f767xx.o(.text)
    CAN2_RX1_IRQHandler                      0x08000227   Thumb Code     0  startup_stm32f767xx.o(.text)
    CAN2_SCE_IRQHandler                      0x08000227   Thumb Code     0  startup_stm32f767xx.o(.text)
    CAN2_TX_IRQHandler                       0x08000227   Thumb Code     0  startup_stm32f767xx.o(.text)
    CAN3_RX0_IRQHandler                      0x08000227   Thumb Code     0  startup_stm32f767xx.o(.text)
    CAN3_RX1_IRQHandler                      0x08000227   Thumb Code     0  startup_stm32f767xx.o(.text)
    CAN3_SCE_IRQHandler                      0x08000227   Thumb Code     0  startup_stm32f767xx.o(.text)
    CAN3_TX_IRQHandler                       0x08000227   Thumb Code     0  startup_stm32f767xx.o(.text)
    CEC_IRQHandler                           0x08000227   Thumb Code     0  startup_stm32f767xx.o(.text)
    DCMI_IRQHandler                          0x08000227   Thumb Code     0  startup_stm32f767xx.o(.text)
    DFSDM1_FLT0_IRQHandler                   0x08000227   Thumb Code     0  startup_stm32f767xx.o(.text)
    DFSDM1_FLT1_IRQHandler                   0x08000227   Thumb Code     0  startup_stm32f767xx.o(.text)
    DFSDM1_FLT2_IRQHandler                   0x08000227   Thumb Code     0  startup_stm32f767xx.o(.text)
    DFSDM1_FLT3_IRQHandler                   0x08000227   Thumb Code     0  startup_stm32f767xx.o(.text)
    DMA1_Stream0_IRQHandler                  0x08000227   Thumb Code     0  startup_stm32f767xx.o(.text)
    DMA1_Stream1_IRQHandler                  0x08000227   Thumb Code     0  startup_stm32f767xx.o(.text)
    DMA1_Stream2_IRQHandler                  0x08000227   Thumb Code     0  startup_stm32f767xx.o(.text)
    DMA1_Stream3_IRQHandler                  0x08000227   Thumb Code     0  startup_stm32f767xx.o(.text)
    DMA1_Stream4_IRQHandler                  0x08000227   Thumb Code     0  startup_stm32f767xx.o(.text)
    DMA1_Stream5_IRQHandler                  0x08000227   Thumb Code     0  startup_stm32f767xx.o(.text)
    DMA1_Stream6_IRQHandler                  0x08000227   Thumb Code     0  startup_stm32f767xx.o(.text)
    DMA1_Stream7_IRQHandler                  0x08000227   Thumb Code     0  startup_stm32f767xx.o(.text)
    DMA2D_IRQHandler                         0x08000227   Thumb Code     0  startup_stm32f767xx.o(.text)
    DMA2_Stream1_IRQHandler                  0x08000227   Thumb Code     0  startup_stm32f767xx.o(.text)
    DMA2_Stream2_IRQHandler                  0x08000227   Thumb Code     0  startup_stm32f767xx.o(.text)
    DMA2_Stream3_IRQHandler                  0x08000227   Thumb Code     0  startup_stm32f767xx.o(.text)
    DMA2_Stream4_IRQHandler                  0x08000227   Thumb Code     0  startup_stm32f767xx.o(.text)
    DMA2_Stream5_IRQHandler                  0x08000227   Thumb Code     0  startup_stm32f767xx.o(.text)
    DMA2_Stream6_IRQHandler                  0x08000227   Thumb Code     0  startup_stm32f767xx.o(.text)
    DMA2_Stream7_IRQHandler                  0x08000227   Thumb Code     0  startup_stm32f767xx.o(.text)
    ETH_IRQHandler                           0x08000227   Thumb Code     0  startup_stm32f767xx.o(.text)
    ETH_WKUP_IRQHandler                      0x08000227   Thumb Code     0  startup_stm32f767xx.o(.text)
    EXTI0_IRQHandler                         0x08000227   Thumb Code     0  startup_stm32f767xx.o(.text)
    EXTI15_10_IRQHandler                     0x08000227   Thumb Code     0  startup_stm32f767xx.o(.text)
    EXTI1_IRQHandler                         0x08000227   Thumb Code     0  startup_stm32f767xx.o(.text)
    EXTI2_IRQHandler                         0x08000227   Thumb Code     0  startup_stm32f767xx.o(.text)
    EXTI3_IRQHandler                         0x08000227   Thumb Code     0  startup_stm32f767xx.o(.text)
    EXTI4_IRQHandler                         0x08000227   Thumb Code     0  startup_stm32f767xx.o(.text)
    EXTI9_5_IRQHandler                       0x08000227   Thumb Code     0  startup_stm32f767xx.o(.text)
    FLASH_IRQHandler                         0x08000227   Thumb Code     0  startup_stm32f767xx.o(.text)
    FMC_IRQHandler                           0x08000227   Thumb Code     0  startup_stm32f767xx.o(.text)
    FPU_IRQHandler                           0x08000227   Thumb Code     0  startup_stm32f767xx.o(.text)
    I2C1_ER_IRQHandler                       0x08000227   Thumb Code     0  startup_stm32f767xx.o(.text)
    I2C1_EV_IRQHandler                       0x08000227   Thumb Code     0  startup_stm32f767xx.o(.text)
    I2C2_ER_IRQHandler                       0x08000227   Thumb Code     0  startup_stm32f767xx.o(.text)
    I2C2_EV_IRQHandler                       0x08000227   Thumb Code     0  startup_stm32f767xx.o(.text)
    I2C3_ER_IRQHandler                       0x08000227   Thumb Code     0  startup_stm32f767xx.o(.text)
    I2C3_EV_IRQHandler                       0x08000227   Thumb Code     0  startup_stm32f767xx.o(.text)
    I2C4_ER_IRQHandler                       0x08000227   Thumb Code     0  startup_stm32f767xx.o(.text)
    I2C4_EV_IRQHandler                       0x08000227   Thumb Code     0  startup_stm32f767xx.o(.text)
    JPEG_IRQHandler                          0x08000227   Thumb Code     0  startup_stm32f767xx.o(.text)
    LPTIM1_IRQHandler                        0x08000227   Thumb Code     0  startup_stm32f767xx.o(.text)
    LTDC_ER_IRQHandler                       0x08000227   Thumb Code     0  startup_stm32f767xx.o(.text)
    LTDC_IRQHandler                          0x08000227   Thumb Code     0  startup_stm32f767xx.o(.text)
    MDIOS_IRQHandler                         0x08000227   Thumb Code     0  startup_stm32f767xx.o(.text)
    OTG_FS_IRQHandler                        0x08000227   Thumb Code     0  startup_stm32f767xx.o(.text)
    OTG_FS_WKUP_IRQHandler                   0x08000227   Thumb Code     0  startup_stm32f767xx.o(.text)
    OTG_HS_EP1_IN_IRQHandler                 0x08000227   Thumb Code     0  startup_stm32f767xx.o(.text)
    OTG_HS_EP1_OUT_IRQHandler                0x08000227   Thumb Code     0  startup_stm32f767xx.o(.text)
    OTG_HS_IRQHandler                        0x08000227   Thumb Code     0  startup_stm32f767xx.o(.text)
    OTG_HS_WKUP_IRQHandler                   0x08000227   Thumb Code     0  startup_stm32f767xx.o(.text)
    PVD_IRQHandler                           0x08000227   Thumb Code     0  startup_stm32f767xx.o(.text)
    QUADSPI_IRQHandler                       0x08000227   Thumb Code     0  startup_stm32f767xx.o(.text)
    RCC_IRQHandler                           0x08000227   Thumb Code     0  startup_stm32f767xx.o(.text)
    RNG_IRQHandler                           0x08000227   Thumb Code     0  startup_stm32f767xx.o(.text)
    RTC_Alarm_IRQHandler                     0x08000227   Thumb Code     0  startup_stm32f767xx.o(.text)
    RTC_WKUP_IRQHandler                      0x08000227   Thumb Code     0  startup_stm32f767xx.o(.text)
    SAI1_IRQHandler                          0x08000227   Thumb Code     0  startup_stm32f767xx.o(.text)
    SAI2_IRQHandler                          0x08000227   Thumb Code     0  startup_stm32f767xx.o(.text)
    SDMMC1_IRQHandler                        0x08000227   Thumb Code     0  startup_stm32f767xx.o(.text)
    SDMMC2_IRQHandler                        0x08000227   Thumb Code     0  startup_stm32f767xx.o(.text)
    SPDIF_RX_IRQHandler                      0x08000227   Thumb Code     0  startup_stm32f767xx.o(.text)
    SPI1_IRQHandler                          0x08000227   Thumb Code     0  startup_stm32f767xx.o(.text)
    SPI2_IRQHandler                          0x08000227   Thumb Code     0  startup_stm32f767xx.o(.text)
    SPI3_IRQHandler                          0x08000227   Thumb Code     0  startup_stm32f767xx.o(.text)
    SPI4_IRQHandler                          0x08000227   Thumb Code     0  startup_stm32f767xx.o(.text)
    SPI5_IRQHandler                          0x08000227   Thumb Code     0  startup_stm32f767xx.o(.text)
    SPI6_IRQHandler                          0x08000227   Thumb Code     0  startup_stm32f767xx.o(.text)
    TAMP_STAMP_IRQHandler                    0x08000227   Thumb Code     0  startup_stm32f767xx.o(.text)
    TIM1_BRK_TIM9_IRQHandler                 0x08000227   Thumb Code     0  startup_stm32f767xx.o(.text)
    TIM1_CC_IRQHandler                       0x08000227   Thumb Code     0  startup_stm32f767xx.o(.text)
    TIM1_TRG_COM_TIM11_IRQHandler            0x08000227   Thumb Code     0  startup_stm32f767xx.o(.text)
    TIM1_UP_TIM10_IRQHandler                 0x08000227   Thumb Code     0  startup_stm32f767xx.o(.text)
    TIM2_IRQHandler                          0x08000227   Thumb Code     0  startup_stm32f767xx.o(.text)
    TIM3_IRQHandler                          0x08000227   Thumb Code     0  startup_stm32f767xx.o(.text)
    TIM4_IRQHandler                          0x08000227   Thumb Code     0  startup_stm32f767xx.o(.text)
    TIM5_IRQHandler                          0x08000227   Thumb Code     0  startup_stm32f767xx.o(.text)
    TIM6_DAC_IRQHandler                      0x08000227   Thumb Code     0  startup_stm32f767xx.o(.text)
    TIM7_IRQHandler                          0x08000227   Thumb Code     0  startup_stm32f767xx.o(.text)
    TIM8_BRK_TIM12_IRQHandler                0x08000227   Thumb Code     0  startup_stm32f767xx.o(.text)
    TIM8_CC_IRQHandler                       0x08000227   Thumb Code     0  startup_stm32f767xx.o(.text)
    TIM8_TRG_COM_TIM14_IRQHandler            0x08000227   Thumb Code     0  startup_stm32f767xx.o(.text)
    TIM8_UP_TIM13_IRQHandler                 0x08000227   Thumb Code     0  startup_stm32f767xx.o(.text)
    UART4_IRQHandler                         0x08000227   Thumb Code     0  startup_stm32f767xx.o(.text)
    UART5_IRQHandler                         0x08000227   Thumb Code     0  startup_stm32f767xx.o(.text)
    UART7_IRQHandler                         0x08000227   Thumb Code     0  startup_stm32f767xx.o(.text)
    UART8_IRQHandler                         0x08000227   Thumb Code     0  startup_stm32f767xx.o(.text)
    USART1_IRQHandler                        0x08000227   Thumb Code     0  startup_stm32f767xx.o(.text)
    USART2_IRQHandler                        0x08000227   Thumb Code     0  startup_stm32f767xx.o(.text)
    USART3_IRQHandler                        0x08000227   Thumb Code     0  startup_stm32f767xx.o(.text)
    USART6_IRQHandler                        0x08000227   Thumb Code     0  startup_stm32f767xx.o(.text)
    WWDG_IRQHandler                          0x08000227   Thumb Code     0  startup_stm32f767xx.o(.text)
    __scatterload                            0x08000231   Thumb Code    28  init.o(.text)
    __scatterload_rt2                        0x08000231   Thumb Code     0  init.o(.text)
    ADC_IRQHandler                           0x080002d9   Thumb Code     6  stm32f7xx_it.o(i.ADC_IRQHandler)
    BusFault_Handler                         0x0800041d   Thumb Code     2  stm32f7xx_it.o(i.BusFault_Handler)
    DMA2_Stream0_IRQHandler                  0x08000421   Thumb Code     6  stm32f7xx_it.o(i.DMA2_Stream0_IRQHandler)
    DebugMon_Handler                         0x080004d1   Thumb Code     2  stm32f7xx_it.o(i.DebugMon_Handler)
    Error_Handler                            0x080004d3   Thumb Code     2  main.o(i.Error_Handler)
    FMC_NORSRAM_Extended_Timing_Init         0x080004d5   Thumb Code    60  stm32f7xx_ll_fmc.o(i.FMC_NORSRAM_Extended_Timing_Init)
    FMC_NORSRAM_Init                         0x08000515   Thumb Code   152  stm32f7xx_ll_fmc.o(i.FMC_NORSRAM_Init)
    FMC_NORSRAM_Timing_Init                  0x080005b1   Thumb Code    94  stm32f7xx_ll_fmc.o(i.FMC_NORSRAM_Timing_Init)
    FMC_NORSRAM_WriteOperation_Enable        0x08000615   Thumb Code    16  stm32f7xx_ll_fmc.o(i.FMC_NORSRAM_WriteOperation_Enable)
    HAL_ADCEx_InjectedConvCpltCallback       0x08000625   Thumb Code     2  stm32f7xx_hal_adc_ex.o(i.HAL_ADCEx_InjectedConvCpltCallback)
    HAL_ADC_ConfigChannel                    0x08000629   Thumb Code   338  stm32f7xx_hal_adc.o(i.HAL_ADC_ConfigChannel)
    HAL_ADC_ConvCpltCallback                 0x0800078d   Thumb Code    22  main.o(i.HAL_ADC_ConvCpltCallback)
    HAL_ADC_ConvHalfCpltCallback             0x080007a9   Thumb Code     2  stm32f7xx_hal_adc.o(i.HAL_ADC_ConvHalfCpltCallback)
    HAL_ADC_ErrorCallback                    0x080007ab   Thumb Code     2  stm32f7xx_hal_adc.o(i.HAL_ADC_ErrorCallback)
    HAL_ADC_IRQHandler                       0x080007ad   Thumb Code   316  stm32f7xx_hal_adc.o(i.HAL_ADC_IRQHandler)
    HAL_ADC_Init                             0x080008e9   Thumb Code    84  stm32f7xx_hal_adc.o(i.HAL_ADC_Init)
    HAL_ADC_LevelOutOfWindowCallback         0x0800093d   Thumb Code     2  stm32f7xx_hal_adc.o(i.HAL_ADC_LevelOutOfWindowCallback)
    HAL_ADC_MspInit                          0x08000941   Thumb Code   124  adc.o(i.HAL_ADC_MspInit)
    HAL_ADC_Start_DMA                        0x080009d1   Thumb Code   226  stm32f7xx_hal_adc.o(i.HAL_ADC_Start_DMA)
    HAL_DMA_IRQHandler                       0x08000acd   Thumb Code   414  stm32f7xx_hal_dma.o(i.HAL_DMA_IRQHandler)
    HAL_DMA_Init                             0x08000c75   Thumb Code   218  stm32f7xx_hal_dma.o(i.HAL_DMA_Init)
    HAL_DMA_Start_IT                         0x08000d55   Thumb Code   122  stm32f7xx_hal_dma.o(i.HAL_DMA_Start_IT)
    HAL_Delay                                0x08000dcf   Thumb Code    22  stm32f7xx_hal.o(i.HAL_Delay)
    HAL_GPIO_Init                            0x08000e81   Thumb Code   418  stm32f7xx_hal_gpio.o(i.HAL_GPIO_Init)
    HAL_GPIO_WritePin                        0x08001059   Thumb Code    10  stm32f7xx_hal_gpio.o(i.HAL_GPIO_WritePin)
    HAL_GetTick                              0x08001065   Thumb Code     6  stm32f7xx_hal.o(i.HAL_GetTick)
    HAL_IncTick                              0x08001071   Thumb Code    10  stm32f7xx_hal.o(i.HAL_IncTick)
    HAL_Init                                 0x08001081   Thumb Code    22  stm32f7xx_hal.o(i.HAL_Init)
    HAL_InitTick                             0x08001099   Thumb Code    34  stm32f7xx_hal.o(i.HAL_InitTick)
    HAL_MspInit                              0x080010c1   Thumb Code    88  stm32f7xx_hal_msp.o(i.HAL_MspInit)
    HAL_NVIC_EnableIRQ                       0x08001119   Thumb Code    22  stm32f7xx_hal_cortex.o(i.HAL_NVIC_EnableIRQ)
    HAL_NVIC_SetPriority                     0x08001131   Thumb Code    60  stm32f7xx_hal_cortex.o(i.HAL_NVIC_SetPriority)
    HAL_NVIC_SetPriorityGrouping             0x08001171   Thumb Code    28  stm32f7xx_hal_cortex.o(i.HAL_NVIC_SetPriorityGrouping)
    HAL_PWREx_EnableOverDrive                0x08001195   Thumb Code   100  stm32f7xx_hal_pwr_ex.o(i.HAL_PWREx_EnableOverDrive)
    HAL_RCC_ClockConfig                      0x08001201   Thumb Code   338  stm32f7xx_hal_rcc.o(i.HAL_RCC_ClockConfig)
    HAL_RCC_GetHCLKFreq                      0x08001365   Thumb Code     6  stm32f7xx_hal_rcc.o(i.HAL_RCC_GetHCLKFreq)
    HAL_RCC_GetSysClockFreq                  0x08001371   Thumb Code   120  stm32f7xx_hal_rcc.o(i.HAL_RCC_GetSysClockFreq)
    HAL_RCC_OscConfig                        0x080013f1   Thumb Code   814  stm32f7xx_hal_rcc.o(i.HAL_RCC_OscConfig)
    HAL_SPI_Init                             0x08001729   Thumb Code   196  stm32f7xx_hal_spi.o(i.HAL_SPI_Init)
    HAL_SPI_MspInit                          0x080017ed   Thumb Code   114  spi.o(i.HAL_SPI_MspInit)
    HAL_SPI_Receive                          0x08001875   Thumb Code   370  stm32f7xx_hal_spi.o(i.HAL_SPI_Receive)
    HAL_SPI_Transmit                         0x080019e7   Thumb Code   318  stm32f7xx_hal_spi.o(i.HAL_SPI_Transmit)
    HAL_SPI_TransmitReceive                  0x08001b25   Thumb Code   554  stm32f7xx_hal_spi.o(i.HAL_SPI_TransmitReceive)
    HAL_SRAM_Init                            0x08001d4f   Thumb Code    86  stm32f7xx_hal_sram.o(i.HAL_SRAM_Init)
    HAL_SRAM_MspInit                         0x08001da5   Thumb Code     4  fmc.o(i.HAL_SRAM_MspInit)
    HAL_SRAM_WriteOperation_Enable           0x08001da9   Thumb Code    42  stm32f7xx_hal_sram.o(i.HAL_SRAM_WriteOperation_Enable)
    HAL_SRAM_Write_32b                       0x08001dd3   Thumb Code    62  stm32f7xx_hal_sram.o(i.HAL_SRAM_Write_32b)
    HAL_SYSTICK_CLKSourceConfig              0x08001e11   Thumb Code    24  stm32f7xx_hal_cortex.o(i.HAL_SYSTICK_CLKSourceConfig)
    HAL_SYSTICK_Callback                     0x08001e29   Thumb Code     2  stm32f7xx_hal_cortex.o(i.HAL_SYSTICK_Callback)
    HAL_SYSTICK_Config                       0x08001e2b   Thumb Code    38  stm32f7xx_hal_cortex.o(i.HAL_SYSTICK_Config)
    HAL_SYSTICK_IRQHandler                   0x08001e51   Thumb Code     8  stm32f7xx_hal_cortex.o(i.HAL_SYSTICK_IRQHandler)
    HAL_TIMEx_ConfigBreakDeadTime            0x08001e59   Thumb Code    98  stm32f7xx_hal_tim_ex.o(i.HAL_TIMEx_ConfigBreakDeadTime)
    HAL_TIMEx_ConfigBreakInput               0x08001ebb   Thumb Code   100  stm32f7xx_hal_tim_ex.o(i.HAL_TIMEx_ConfigBreakInput)
    HAL_TIMEx_MasterConfigSynchronization    0x08001f21   Thumb Code    78  stm32f7xx_hal_tim_ex.o(i.HAL_TIMEx_MasterConfigSynchronization)
    HAL_TIMEx_PWMN_Start                     0x08001f79   Thumb Code    36  stm32f7xx_hal_tim_ex.o(i.HAL_TIMEx_PWMN_Start)
    HAL_TIM_Base_Init                        0x08001f9d   Thumb Code    48  stm32f7xx_hal_tim.o(i.HAL_TIM_Base_Init)
    HAL_TIM_Base_MspInit                     0x08001fcd   Thumb Code    62  tim.o(i.HAL_TIM_Base_MspInit)
    HAL_TIM_ConfigClockSource                0x08002019   Thumb Code   246  stm32f7xx_hal_tim.o(i.HAL_TIM_ConfigClockSource)
    HAL_TIM_MspPostInit                      0x08002115   Thumb Code    66  tim.o(i.HAL_TIM_MspPostInit)
    HAL_TIM_PWM_ConfigChannel                0x08002165   Thumb Code   296  stm32f7xx_hal_tim_ex.o(i.HAL_TIM_PWM_ConfigChannel)
    HAL_TIM_PWM_Init                         0x0800228d   Thumb Code    54  stm32f7xx_hal_tim.o(i.HAL_TIM_PWM_Init)
    HAL_TIM_PWM_MspInit                      0x080022c3   Thumb Code     2  stm32f7xx_hal_tim.o(i.HAL_TIM_PWM_MspInit)
    HAL_TIM_PWM_Start                        0x080022c5   Thumb Code    48  stm32f7xx_hal_tim.o(i.HAL_TIM_PWM_Start)
    HardFault_Handler                        0x080022fd   Thumb Code     2  stm32f7xx_it.o(i.HardFault_Handler)
    InitTLV5630                              0x08002301   Thumb Code    50  main.o(i.InitTLV5630)
    MX_ADC1_Init                             0x0800233d   Thumb Code   116  adc.o(i.MX_ADC1_Init)
    MX_DMA_Init                              0x080023b9   Thumb Code    40  dma.o(i.MX_DMA_Init)
    MX_FMC_Init                              0x080023e5   Thumb Code    96  fmc.o(i.MX_FMC_Init)
    MX_GPIO_Init                             0x0800244d   Thumb Code   228  gpio.o(i.MX_GPIO_Init)
    MX_SPI3_Init                             0x0800253d   Thumb Code    68  spi.o(i.MX_SPI3_Init)
    MX_SPI6_Init                             0x08002589   Thumb Code    74  spi.o(i.MX_SPI6_Init)
    MX_TIM1_Init                             0x080025dd   Thumb Code   234  tim.o(i.MX_TIM1_Init)
    MemManage_Handler                        0x080026d1   Thumb Code     2  stm32f7xx_it.o(i.MemManage_Handler)
    NMI_Handler                              0x080026d3   Thumb Code     2  stm32f7xx_it.o(i.NMI_Handler)
    PendSV_Handler                           0x080026f7   Thumb Code     2  stm32f7xx_it.o(i.PendSV_Handler)
    SVC_Handler                              0x080028e1   Thumb Code     2  stm32f7xx_it.o(i.SVC_Handler)
    SysTick_Handler                          0x080028e3   Thumb Code    14  stm32f7xx_it.o(i.SysTick_Handler)
    SystemClock_Config                       0x080028f1   Thumb Code   156  main.o(i.SystemClock_Config)
    SystemInit                               0x08002995   Thumb Code    68  system_stm32f7xx.o(i.SystemInit)
    TIM_Base_SetConfig                       0x080029e9   Thumb Code   150  stm32f7xx_hal_tim.o(i.TIM_Base_SetConfig)
    TIM_CCxChannelCmd                        0x08002aad   Thumb Code    22  stm32f7xx_hal_tim.o(i.TIM_CCxChannelCmd)
    TIM_ETR_SetConfig                        0x08002ad9   Thumb Code    18  stm32f7xx_hal_tim.o(i.TIM_ETR_SetConfig)
    TIM_OC1_SetConfig                        0x08002afd   Thumb Code    90  stm32f7xx_hal_tim.o(i.TIM_OC1_SetConfig)
    TIM_OC2_SetConfig                        0x08002b65   Thumb Code    96  stm32f7xx_hal_tim.o(i.TIM_OC2_SetConfig)
    TIM_OC3_SetConfig                        0x08002bd1   Thumb Code    96  stm32f7xx_hal_tim.o(i.TIM_OC3_SetConfig)
    TIM_OC4_SetConfig                        0x08002c3d   Thumb Code    76  stm32f7xx_hal_tim.o(i.TIM_OC4_SetConfig)
    UsageFault_Handler                       0x08002d8b   Thumb Code     2  stm32f7xx_it.o(i.UsageFault_Handler)
    __scatterload_copy                       0x08002d8d   Thumb Code    14  handlers.o(i.__scatterload_copy)
    __scatterload_null                       0x08002d9b   Thumb Code     2  handlers.o(i.__scatterload_null)
    __scatterload_zeroinit                   0x08002d9d   Thumb Code    14  handlers.o(i.__scatterload_zeroinit)
    a_monitor                                0x08002dad   Thumb Code   120  controller.o(i.a_monitor)
    abc2alphabeta                            0x08002e35   Thumb Code    56  controller.o(i.abc2alphabeta)
    alphabeta2dq                             0x08002e79   Thumb Code    78  controller.o(i.alphabeta2dq)
    calc_speed                               0x08002ed9   Thumb Code   114  controller.o(i.calc_speed)
    controltask                              0x08002f6d   Thumb Code   558  controller.o(i.controltask)
    dq2alphabeta                             0x080031b1   Thumb Code    78  controller.o(i.dq2alphabeta)
    fake_3Phase_Voltage                      0x08003211   Thumb Code   122  controller.o(i.fake_3Phase_Voltage)
    init_control                             0x080032a1   Thumb Code   210  controller.o(i.init_control)
    main                                     0x080033b1   Thumb Code   156  main.o(i.main)
    pid_calc                                 0x08003465   Thumb Code   186  pid.o(i.pid_calc)
    read_angle                               0x08003521   Thumb Code   140  controller.o(i.read_angle)
    svpwm                                    0x080035bd   Thumb Code   472  controller.o(i.svpwm)
    update_curr                              0x080037b1   Thumb Code   118  controller.o(i.update_curr)
    sine_table                               0x08003838   Data       16384  sintable.o(.constdata)
    cosine_table                             0x08007838   Data       16384  sintable.o(.constdata)
    AHBPrescTable                            0x0800b838   Data          16  system_stm32f7xx.o(.constdata)
    Region$$Table$$Base                      0x0800b850   Number         0  anon$$obj.o(Region$$Table)
    Region$$Table$$Limit                     0x0800b870   Number         0  anon$$obj.o(Region$$Table)
    adc_buf                                  0x20000000   Data           8  main.o(.data)
    cntl_level                               0x20000008   Data           1  controller.o(.data)
    SystemCoreClock                          0x2000001c   Data           4  system_stm32f7xx.o(.data)
    uwTick                                   0x20000020   Data           4  stm32f7xx_hal.o(.data)
    hspi3                                    0x20000024   Data         100  spi.o(.bss)
    hspi6                                    0x20000088   Data         100  spi.o(.bss)
    pmsm                                     0x200000ec   Data          76  controller.o(.bss)
    fake_pmsm                                0x20000138   Data          16  controller.o(.bss)
    pi_id                                    0x20000148   Data          76  controller.o(.bss)
    pi_iq                                    0x20000194   Data          76  controller.o(.bss)
    pi_spd                                   0x200001e0   Data          76  controller.o(.bss)
    htim1                                    0x2000022c   Data          60  tim.o(.bss)
    hadc1                                    0x20000268   Data          72  adc.o(.bss)
    hdma_adc1                                0x200002b0   Data          96  adc.o(.bss)
    hsram1                                   0x20000310   Data          76  fmc.o(.bss)
    __initial_sp                             0x20000760   Data           0  startup_stm32f767xx.o(STACK)



==============================================================================

Memory Map of the image

  Image Entry point : 0x080001f9

  Load Region LR_IROM1 (Base: 0x08000000, Size: 0x0000b894, Max: 0x00200000, ABSOLUTE)

    Execution Region ER_IROM1 (Exec base: 0x08000000, Load base: 0x08000000, Size: 0x0000b870, Max: 0x00200000, ABSOLUTE)

    Exec Addr    Load Addr    Size         Type   Attr      Idx    E Section Name        Object

    0x08000000   0x08000000   0x000001f8   Data   RO          689    RESET               startup_stm32f767xx.o
    0x080001f8   0x080001f8   0x00000000   Code   RO         4004  * .ARM.Collect$$$$00000000  mc_w.l(entry.o)
    0x080001f8   0x080001f8   0x00000004   Code   RO         4007    .ARM.Collect$$$$00000001  mc_w.l(entry2.o)
    0x080001fc   0x080001fc   0x00000004   Code   RO         4010    .ARM.Collect$$$$00000004  mc_w.l(entry5.o)
    0x08000200   0x08000200   0x00000000   Code   RO         4012    .ARM.Collect$$$$00000008  mc_w.l(entry7b.o)
    0x08000200   0x08000200   0x00000000   Code   RO         4014    .ARM.Collect$$$$0000000A  mc_w.l(entry8b.o)
    0x08000200   0x08000200   0x00000008   Code   RO         4015    .ARM.Collect$$$$0000000B  mc_w.l(entry9a.o)
    0x08000208   0x08000208   0x00000000   Code   RO         4017    .ARM.Collect$$$$0000000D  mc_w.l(entry10a.o)
    0x08000208   0x08000208   0x00000000   Code   RO         4019    .ARM.Collect$$$$0000000F  mc_w.l(entry11a.o)
    0x08000208   0x08000208   0x00000004   Code   RO         4008    .ARM.Collect$$$$00002712  mc_w.l(entry2.o)
    0x0800020c   0x0800020c   0x00000024   Code   RO          690    .text               startup_stm32f767xx.o
    0x08000230   0x08000230   0x00000024   Code   RO         4021    .text               mc_w.l(init.o)
    0x08000254   0x08000254   0x00000062   Code   RO         3567    i.ADC_DMAConvCplt   stm32f7xx_hal_adc.o
    0x080002b6   0x080002b6   0x00000016   Code   RO         3568    i.ADC_DMAError      stm32f7xx_hal_adc.o
    0x080002cc   0x080002cc   0x0000000a   Code   RO         3569    i.ADC_DMAHalfConvCplt  stm32f7xx_hal_adc.o
    0x080002d6   0x080002d6   0x00000002   PAD
    0x080002d8   0x080002d8   0x0000000c   Code   RO          286    i.ADC_IRQHandler    stm32f7xx_it.o
    0x080002e4   0x080002e4   0x00000138   Code   RO         3570    i.ADC_Init          stm32f7xx_hal_adc.o
    0x0800041c   0x0800041c   0x00000002   Code   RO          287    i.BusFault_Handler  stm32f7xx_it.o
    0x0800041e   0x0800041e   0x00000002   PAD
    0x08000420   0x08000420   0x0000000c   Code   RO          288    i.DMA2_Stream0_IRQHandler  stm32f7xx_it.o
    0x0800042c   0x0800042c   0x00000028   Code   RO         2948    i.DMA_CalcBaseAndBitshift  stm32f7xx_hal_dma.o
    0x08000454   0x08000454   0x00000054   Code   RO         2949    i.DMA_CheckFifoParam  stm32f7xx_hal_dma.o
    0x080004a8   0x080004a8   0x00000028   Code   RO         2950    i.DMA_SetConfig     stm32f7xx_hal_dma.o
    0x080004d0   0x080004d0   0x00000002   Code   RO          289    i.DebugMon_Handler  stm32f7xx_it.o
    0x080004d2   0x080004d2   0x00000002   Code   RO          214    i.Error_Handler     main.o
    0x080004d4   0x080004d4   0x00000040   Code   RO         3865    i.FMC_NORSRAM_Extended_Timing_Init  stm32f7xx_ll_fmc.o
    0x08000514   0x08000514   0x0000009c   Code   RO         3866    i.FMC_NORSRAM_Init  stm32f7xx_ll_fmc.o
    0x080005b0   0x080005b0   0x00000064   Code   RO         3867    i.FMC_NORSRAM_Timing_Init  stm32f7xx_ll_fmc.o
    0x08000614   0x08000614   0x00000010   Code   RO         3869    i.FMC_NORSRAM_WriteOperation_Enable  stm32f7xx_ll_fmc.o
    0x08000624   0x08000624   0x00000002   Code   RO         3466    i.HAL_ADCEx_InjectedConvCpltCallback  stm32f7xx_hal_adc_ex.o
    0x08000626   0x08000626   0x00000002   PAD
    0x08000628   0x08000628   0x00000164   Code   RO         3572    i.HAL_ADC_ConfigChannel  stm32f7xx_hal_adc.o
    0x0800078c   0x0800078c   0x0000001c   Code   RO          215    i.HAL_ADC_ConvCpltCallback  main.o
    0x080007a8   0x080007a8   0x00000002   Code   RO         3574    i.HAL_ADC_ConvHalfCpltCallback  stm32f7xx_hal_adc.o
    0x080007aa   0x080007aa   0x00000002   Code   RO         3576    i.HAL_ADC_ErrorCallback  stm32f7xx_hal_adc.o
    0x080007ac   0x080007ac   0x0000013c   Code   RO         3580    i.HAL_ADC_IRQHandler  stm32f7xx_hal_adc.o
    0x080008e8   0x080008e8   0x00000054   Code   RO         3581    i.HAL_ADC_Init      stm32f7xx_hal_adc.o
    0x0800093c   0x0800093c   0x00000002   Code   RO         3582    i.HAL_ADC_LevelOutOfWindowCallback  stm32f7xx_hal_adc.o
    0x0800093e   0x0800093e   0x00000002   PAD
    0x08000940   0x08000940   0x00000090   Code   RO          527    i.HAL_ADC_MspInit   adc.o
    0x080009d0   0x080009d0   0x000000fc   Code   RO         3588    i.HAL_ADC_Start_DMA  stm32f7xx_hal_adc.o
    0x08000acc   0x08000acc   0x000001a8   Code   RO         2956    i.HAL_DMA_IRQHandler  stm32f7xx_hal_dma.o
    0x08000c74   0x08000c74   0x000000e0   Code   RO         2957    i.HAL_DMA_Init      stm32f7xx_hal_dma.o
    0x08000d54   0x08000d54   0x0000007a   Code   RO         2961    i.HAL_DMA_Start_IT  stm32f7xx_hal_dma.o
    0x08000dce   0x08000dce   0x00000016   Code   RO         3196    i.HAL_Delay         stm32f7xx_hal.o
    0x08000de4   0x08000de4   0x0000009c   Code   RO          592    i.HAL_FMC_MspInit   fmc.o
    0x08000e80   0x08000e80   0x000001d8   Code   RO         1566    i.HAL_GPIO_Init     stm32f7xx_hal_gpio.o
    0x08001058   0x08001058   0x0000000a   Code   RO         1570    i.HAL_GPIO_WritePin  stm32f7xx_hal_gpio.o
    0x08001062   0x08001062   0x00000002   PAD
    0x08001064   0x08001064   0x0000000c   Code   RO         3206    i.HAL_GetTick       stm32f7xx_hal.o
    0x08001070   0x08001070   0x00000010   Code   RO         3207    i.HAL_IncTick       stm32f7xx_hal.o
    0x08001080   0x08001080   0x00000016   Code   RO         3208    i.HAL_Init          stm32f7xx_hal.o
    0x08001096   0x08001096   0x00000002   PAD
    0x08001098   0x08001098   0x00000028   Code   RO         3209    i.HAL_InitTick      stm32f7xx_hal.o
    0x080010c0   0x080010c0   0x00000058   Code   RO          142    i.HAL_MspInit       stm32f7xx_hal_msp.o
    0x08001118   0x08001118   0x00000016   Code   RO         3059    i.HAL_NVIC_EnableIRQ  stm32f7xx_hal_cortex.o
    0x0800112e   0x0800112e   0x00000002   PAD
    0x08001130   0x08001130   0x00000040   Code   RO         3065    i.HAL_NVIC_SetPriority  stm32f7xx_hal_cortex.o
    0x08001170   0x08001170   0x00000024   Code   RO         3066    i.HAL_NVIC_SetPriorityGrouping  stm32f7xx_hal_cortex.o
    0x08001194   0x08001194   0x0000006c   Code   RO         2228    i.HAL_PWREx_EnableOverDrive  stm32f7xx_hal_pwr_ex.o
    0x08001200   0x08001200   0x00000164   Code   RO         3361    i.HAL_RCC_ClockConfig  stm32f7xx_hal_rcc.o
    0x08001364   0x08001364   0x0000000c   Code   RO         3366    i.HAL_RCC_GetHCLKFreq  stm32f7xx_hal_rcc.o
    0x08001370   0x08001370   0x00000080   Code   RO         3370    i.HAL_RCC_GetSysClockFreq  stm32f7xx_hal_rcc.o
    0x080013f0   0x080013f0   0x00000338   Code   RO         3373    i.HAL_RCC_OscConfig  stm32f7xx_hal_rcc.o
    0x08001728   0x08001728   0x000000c4   Code   RO         1129    i.HAL_SPI_Init      stm32f7xx_hal_spi.o
    0x080017ec   0x080017ec   0x00000088   Code   RO          167    i.HAL_SPI_MspInit   spi.o
    0x08001874   0x08001874   0x00000172   Code   RO         1132    i.HAL_SPI_Receive   stm32f7xx_hal_spi.o
    0x080019e6   0x080019e6   0x0000013e   Code   RO         1137    i.HAL_SPI_Transmit  stm32f7xx_hal_spi.o
    0x08001b24   0x08001b24   0x0000022a   Code   RO         1138    i.HAL_SPI_TransmitReceive  stm32f7xx_hal_spi.o
    0x08001d4e   0x08001d4e   0x00000056   Code   RO         3741    i.HAL_SRAM_Init     stm32f7xx_hal_sram.o
    0x08001da4   0x08001da4   0x00000004   Code   RO          594    i.HAL_SRAM_MspInit  fmc.o
    0x08001da8   0x08001da8   0x0000002a   Code   RO         3749    i.HAL_SRAM_WriteOperation_Enable  stm32f7xx_hal_sram.o
    0x08001dd2   0x08001dd2   0x0000003e   Code   RO         3751    i.HAL_SRAM_Write_32b  stm32f7xx_hal_sram.o
    0x08001e10   0x08001e10   0x00000018   Code   RO         3068    i.HAL_SYSTICK_CLKSourceConfig  stm32f7xx_hal_cortex.o
    0x08001e28   0x08001e28   0x00000002   Code   RO         3069    i.HAL_SYSTICK_Callback  stm32f7xx_hal_cortex.o
    0x08001e2a   0x08001e2a   0x00000026   Code   RO         3070    i.HAL_SYSTICK_Config  stm32f7xx_hal_cortex.o
    0x08001e50   0x08001e50   0x00000008   Code   RO         3071    i.HAL_SYSTICK_IRQHandler  stm32f7xx_hal_cortex.o
    0x08001e58   0x08001e58   0x00000062   Code   RO          799    i.HAL_TIMEx_ConfigBreakDeadTime  stm32f7xx_hal_tim_ex.o
    0x08001eba   0x08001eba   0x00000064   Code   RO          800    i.HAL_TIMEx_ConfigBreakInput  stm32f7xx_hal_tim_ex.o
    0x08001f1e   0x08001f1e   0x00000002   PAD
    0x08001f20   0x08001f20   0x00000058   Code   RO          816    i.HAL_TIMEx_MasterConfigSynchronization  stm32f7xx_hal_tim_ex.o
    0x08001f78   0x08001f78   0x00000024   Code   RO          827    i.HAL_TIMEx_PWMN_Start  stm32f7xx_hal_tim_ex.o
    0x08001f9c   0x08001f9c   0x00000030   Code   RO         2316    i.HAL_TIM_Base_Init  stm32f7xx_hal_tim.o
    0x08001fcc   0x08001fcc   0x0000004c   Code   RO          479    i.HAL_TIM_Base_MspInit  tim.o
    0x08002018   0x08002018   0x000000fc   Code   RO         2325    i.HAL_TIM_ConfigClockSource  stm32f7xx_hal_tim.o
    0x08002114   0x08002114   0x00000050   Code   RO          480    i.HAL_TIM_MspPostInit  tim.o
    0x08002164   0x08002164   0x00000128   Code   RO          836    i.HAL_TIM_PWM_ConfigChannel  stm32f7xx_hal_tim_ex.o
    0x0800228c   0x0800228c   0x00000036   Code   RO         2385    i.HAL_TIM_PWM_Init  stm32f7xx_hal_tim.o
    0x080022c2   0x080022c2   0x00000002   Code   RO         2387    i.HAL_TIM_PWM_MspInit  stm32f7xx_hal_tim.o
    0x080022c4   0x080022c4   0x00000038   Code   RO         2389    i.HAL_TIM_PWM_Start  stm32f7xx_hal_tim.o
    0x080022fc   0x080022fc   0x00000002   Code   RO          290    i.HardFault_Handler  stm32f7xx_it.o
    0x080022fe   0x080022fe   0x00000002   PAD
    0x08002300   0x08002300   0x0000003c   Code   RO          216    i.InitTLV5630       main.o
    0x0800233c   0x0800233c   0x0000007c   Code   RO          528    i.MX_ADC1_Init      adc.o
    0x080023b8   0x080023b8   0x0000002c   Code   RO          568    i.MX_DMA_Init       dma.o
    0x080023e4   0x080023e4   0x00000068   Code   RO          595    i.MX_FMC_Init       fmc.o
    0x0800244c   0x0800244c   0x000000f0   Code   RO            4    i.MX_GPIO_Init      gpio.o
    0x0800253c   0x0800253c   0x0000004c   Code   RO          168    i.MX_SPI3_Init      spi.o
    0x08002588   0x08002588   0x00000054   Code   RO          169    i.MX_SPI6_Init      spi.o
    0x080025dc   0x080025dc   0x000000f4   Code   RO          481    i.MX_TIM1_Init      tim.o
    0x080026d0   0x080026d0   0x00000002   Code   RO          291    i.MemManage_Handler  stm32f7xx_it.o
    0x080026d2   0x080026d2   0x00000002   Code   RO          292    i.NMI_Handler       stm32f7xx_it.o
    0x080026d4   0x080026d4   0x00000022   Code   RO         3072    i.NVIC_SetPriority  stm32f7xx_hal_cortex.o
    0x080026f6   0x080026f6   0x00000002   Code   RO          293    i.PendSV_Handler    stm32f7xx_it.o
    0x080026f8   0x080026f8   0x00000074   Code   RO         1166    i.SPI_EndRxTransaction  stm32f7xx_hal_spi.o
    0x0800276c   0x0800276c   0x00000048   Code   RO         1167    i.SPI_EndRxTxTransaction  stm32f7xx_hal_spi.o
    0x080027b4   0x080027b4   0x000000a0   Code   RO         1172    i.SPI_WaitFifoStateUntilTimeout  stm32f7xx_hal_spi.o
    0x08002854   0x08002854   0x0000008c   Code   RO         1173    i.SPI_WaitFlagStateUntilTimeout  stm32f7xx_hal_spi.o
    0x080028e0   0x080028e0   0x00000002   Code   RO          294    i.SVC_Handler       stm32f7xx_it.o
    0x080028e2   0x080028e2   0x0000000e   Code   RO          295    i.SysTick_Handler   stm32f7xx_it.o
    0x080028f0   0x080028f0   0x000000a4   Code   RO          217    i.SystemClock_Config  main.o
    0x08002994   0x08002994   0x00000054   Code   RO          653    i.SystemInit        system_stm32f7xx.o
    0x080029e8   0x080029e8   0x000000c4   Code   RO         2400    i.TIM_Base_SetConfig  stm32f7xx_hal_tim.o
    0x08002aac   0x08002aac   0x00000016   Code   RO         2401    i.TIM_CCxChannelCmd  stm32f7xx_hal_tim.o
    0x08002ac2   0x08002ac2   0x00000016   Code   RO          838    i.TIM_CCxNChannelCmd  stm32f7xx_hal_tim_ex.o
    0x08002ad8   0x08002ad8   0x00000012   Code   RO         2407    i.TIM_ETR_SetConfig  stm32f7xx_hal_tim.o
    0x08002aea   0x08002aea   0x00000010   Code   RO         2408    i.TIM_ITRx_SetConfig  stm32f7xx_hal_tim.o
    0x08002afa   0x08002afa   0x00000002   PAD
    0x08002afc   0x08002afc   0x00000068   Code   RO         2409    i.TIM_OC1_SetConfig  stm32f7xx_hal_tim.o
    0x08002b64   0x08002b64   0x0000006c   Code   RO         2410    i.TIM_OC2_SetConfig  stm32f7xx_hal_tim.o
    0x08002bd0   0x08002bd0   0x0000006c   Code   RO         2411    i.TIM_OC3_SetConfig  stm32f7xx_hal_tim.o
    0x08002c3c   0x08002c3c   0x00000058   Code   RO         2412    i.TIM_OC4_SetConfig  stm32f7xx_hal_tim.o
    0x08002c94   0x08002c94   0x00000058   Code   RO          839    i.TIM_OC5_SetConfig  stm32f7xx_hal_tim_ex.o
    0x08002cec   0x08002cec   0x00000058   Code   RO          840    i.TIM_OC6_SetConfig  stm32f7xx_hal_tim_ex.o
    0x08002d44   0x08002d44   0x00000022   Code   RO         2414    i.TIM_TI1_ConfigInputStage  stm32f7xx_hal_tim.o
    0x08002d66   0x08002d66   0x00000024   Code   RO         2416    i.TIM_TI2_ConfigInputStage  stm32f7xx_hal_tim.o
    0x08002d8a   0x08002d8a   0x00000002   Code   RO          296    i.UsageFault_Handler  stm32f7xx_it.o
    0x08002d8c   0x08002d8c   0x0000000e   Code   RO         4025    i.__scatterload_copy  mc_w.l(handlers.o)
    0x08002d9a   0x08002d9a   0x00000002   Code   RO         4026    i.__scatterload_null  mc_w.l(handlers.o)
    0x08002d9c   0x08002d9c   0x0000000e   Code   RO         4027    i.__scatterload_zeroinit  mc_w.l(handlers.o)
    0x08002daa   0x08002daa   0x00000002   PAD
    0x08002dac   0x08002dac   0x00000088   Code   RO          382    i.a_monitor         controller.o
    0x08002e34   0x08002e34   0x00000044   Code   RO          383    i.abc2alphabeta     controller.o
    0x08002e78   0x08002e78   0x00000060   Code   RO          384    i.alphabeta2dq      controller.o
    0x08002ed8   0x08002ed8   0x00000094   Code   RO          385    i.calc_speed        controller.o
    0x08002f6c   0x08002f6c   0x00000244   Code   RO          386    i.controltask       controller.o
    0x080031b0   0x080031b0   0x00000060   Code   RO          387    i.dq2alphabeta      controller.o
    0x08003210   0x08003210   0x00000090   Code   RO          388    i.fake_3Phase_Voltage  controller.o
    0x080032a0   0x080032a0   0x00000110   Code   RO          389    i.init_control      controller.o
    0x080033b0   0x080033b0   0x000000b4   Code   RO          218    i.main              main.o
    0x08003464   0x08003464   0x000000ba   Code   RO          637    i.pid_calc          pid.o
    0x0800351e   0x0800351e   0x00000002   PAD
    0x08003520   0x08003520   0x0000009c   Code   RO          390    i.read_angle        controller.o
    0x080035bc   0x080035bc   0x000001f4   Code   RO          391    i.svpwm             controller.o
    0x080037b0   0x080037b0   0x00000088   Code   RO          392    i.update_curr       controller.o
    0x08003838   0x08003838   0x00004000   Data   RO          371    .constdata          sintable.o
    0x08007838   0x08007838   0x00004000   Data   RO          372    .constdata          sintable.o
    0x0800b838   0x0800b838   0x00000010   Data   RO          654    .constdata          system_stm32f7xx.o
    0x0800b848   0x0800b848   0x00000008   Data   RO         2963    .constdata          stm32f7xx_hal_dma.o
    0x0800b850   0x0800b850   0x00000020   Data   RO         4023    Region$$Table       anon$$obj.o


    Execution Region RW_IRAM1 (Exec base: 0x20000000, Load base: 0x0800b870, Size: 0x00000760, Max: 0x00080000, ABSOLUTE)

    Exec Addr    Load Addr    Size         Type   Attr      Idx    E Section Name        Object

    0x20000000   0x0800b870   0x00000008   Data   RW          219    .data               main.o
    0x20000008   0x0800b878   0x0000000c   Data   RW          394    .data               controller.o
    0x20000014   0x0800b884   0x00000008   Data   RW          597    .data               fmc.o
    0x2000001c   0x0800b88c   0x00000004   Data   RW          656    .data               system_stm32f7xx.o
    0x20000020   0x0800b890   0x00000004   Data   RW         3214    .data               stm32f7xx_hal.o
    0x20000024        -       0x000000c8   Zero   RW          170    .bss                spi.o
    0x200000ec        -       0x00000140   Zero   RW          393    .bss                controller.o
    0x2000022c        -       0x0000003c   Zero   RW          482    .bss                tim.o
    0x20000268        -       0x000000a8   Zero   RW          529    .bss                adc.o
    0x20000310        -       0x0000004c   Zero   RW          596    .bss                fmc.o
    0x2000035c   0x0800b894   0x00000004   PAD
    0x20000360        -       0x00000400   Zero   RW          687    STACK               startup_stm32f767xx.o


==============================================================================

Image component sizes


      Code (inc. data)   RO Data    RW Data    ZI Data      Debug   Object Name

       268         28          0          0        168       1807   adc.o
      2332        274          0         12        320       8132   controller.o
        44          4          0          0          0        762   dma.o
       264         38          0          8         76       2214   fmc.o
       240         12          0          0          0     455067   gpio.o
       434         48          0          8          0       4349   main.o
       186          0          0          0          0        819   pid.o
         0          0      32768          0          0        442   sintable.o
       296         40          0          0        200       2322   spi.o
        36          8        504          0       1024        808   startup_stm32f767xx.o
       112         18          0          4          0       3807   stm32f7xx_hal.o
      1456         54          0          0          0       8278   stm32f7xx_hal_adc.o
         2          0          0          0          0        985   stm32f7xx_hal_adc_ex.o
       228         12          0          0          0      37269   stm32f7xx_hal_cortex.o
       934         22          8          0          0       5879   stm32f7xx_hal_dma.o
       482         54          0          0          0       2584   stm32f7xx_hal_gpio.o
        88          0          0          0          0        530   stm32f7xx_hal_msp.o
       108          8          0          0          0       1276   stm32f7xx_hal_pwr_ex.o
      1320         42          0          0          0       4430   stm32f7xx_hal_rcc.o
      1926          0          0          0          0       9006   stm32f7xx_hal_spi.o
       190          0          0          0          0       2842   stm32f7xx_hal_sram.o
      1142        110          0          0          0      12036   stm32f7xx_hal_tim.o
       816         38          0          0          0       7032   stm32f7xx_hal_tim_ex.o
        54         12          0          0          0       5089   stm32f7xx_it.o
       336         14          0          0          0       3524   stm32f7xx_ll_fmc.o
        84         16         16          4          0       1475   system_stm32f7xx.o
       400         38          0          0         60       2580   tim.o

    ----------------------------------------------------------------------
     13800        890      33328         36       1852     585344   Object Totals
         0          0         32          0          0          0   (incl. Generated)
        22          0          0          0          4          0   (incl. Padding)

    ----------------------------------------------------------------------

      Code (inc. data)   RO Data    RW Data    ZI Data      Debug   Library Member Name

         0          0          0          0          0          0   entry.o
         0          0          0          0          0          0   entry10a.o
         0          0          0          0          0          0   entry11a.o
         8          4          0          0          0          0   entry2.o
         4          0          0          0          0          0   entry5.o
         0          0          0          0          0          0   entry7b.o
         0          0          0          0          0          0   entry8b.o
         8          4          0          0          0          0   entry9a.o
        30          0          0          0          0          0   handlers.o
        36          8          0          0          0         68   init.o

    ----------------------------------------------------------------------
        88         16          0          0          0         68   Library Totals
         2          0          0          0          0          0   (incl. Padding)

    ----------------------------------------------------------------------

      Code (inc. data)   RO Data    RW Data    ZI Data      Debug   Library Name

        86         16          0          0          0         68   mc_w.l

    ----------------------------------------------------------------------
        88         16          0          0          0         68   Library Totals

    ----------------------------------------------------------------------

==============================================================================


      Code (inc. data)   RO Data    RW Data    ZI Data      Debug   

     13888        906      33328         36       1852     574916   Grand Totals
     13888        906      33328         36       1852     574916   ELF Image Totals
     13888        906      33328         36          0          0   ROM Totals

==============================================================================

    Total RO  Size (Code + RO Data)                47216 (  46.11kB)
    Total RW  Size (RW Data + ZI Data)              1888 (   1.84kB)
    Total ROM Size (Code + RO Data + RW Data)      47252 (  46.14kB)

==============================================================================

